Archive member included to satisfy reference by file (symbol)

C:/ST/STM32CubeIDE_1.15.1/STM32CubeIDE/plugins/com.st.stm32cube.ide.mcu.externaltools.gnu-tools-for-stm32.12.3.rel1.win32_1.0.100.202403111256/tools/bin/../lib/gcc/arm-none-eabi/12.3.1/../../../../arm-none-eabi/lib/thumb/v8-m.main+fp/hard\libc_nano.a(libc_a-exit.o)
                              C:/ST/STM32CubeIDE_1.15.1/STM32CubeIDE/plugins/com.st.stm32cube.ide.mcu.externaltools.gnu-tools-for-stm32.12.3.rel1.win32_1.0.100.202403111256/tools/bin/../lib/gcc/arm-none-eabi/12.3.1/../../../../arm-none-eabi/lib/thumb/v8-m.main+fp/hard/crt0.o (exit)
C:/ST/STM32CubeIDE_1.15.1/STM32CubeIDE/plugins/com.st.stm32cube.ide.mcu.externaltools.gnu-tools-for-stm32.12.3.rel1.win32_1.0.100.202403111256/tools/bin/../lib/gcc/arm-none-eabi/12.3.1/../../../../arm-none-eabi/lib/thumb/v8-m.main+fp/hard\libc_nano.a(libc_a-findfp.o)
                              C:/ST/STM32CubeIDE_1.15.1/STM32CubeIDE/plugins/com.st.stm32cube.ide.mcu.externaltools.gnu-tools-for-stm32.12.3.rel1.win32_1.0.100.202403111256/tools/bin/../lib/gcc/arm-none-eabi/12.3.1/../../../../arm-none-eabi/lib/thumb/v8-m.main+fp/hard\libc_nano.a(libc_a-exit.o) (__stdio_exit_handler)
C:/ST/STM32CubeIDE_1.15.1/STM32CubeIDE/plugins/com.st.stm32cube.ide.mcu.externaltools.gnu-tools-for-stm32.12.3.rel1.win32_1.0.100.202403111256/tools/bin/../lib/gcc/arm-none-eabi/12.3.1/../../../../arm-none-eabi/lib/thumb/v8-m.main+fp/hard\libc_nano.a(libc_a-fwalk.o)
                              C:/ST/STM32CubeIDE_1.15.1/STM32CubeIDE/plugins/com.st.stm32cube.ide.mcu.externaltools.gnu-tools-for-stm32.12.3.rel1.win32_1.0.100.202403111256/tools/bin/../lib/gcc/arm-none-eabi/12.3.1/../../../../arm-none-eabi/lib/thumb/v8-m.main+fp/hard\libc_nano.a(libc_a-findfp.o) (_fwalk_sglue)
C:/ST/STM32CubeIDE_1.15.1/STM32CubeIDE/plugins/com.st.stm32cube.ide.mcu.externaltools.gnu-tools-for-stm32.12.3.rel1.win32_1.0.100.202403111256/tools/bin/../lib/gcc/arm-none-eabi/12.3.1/../../../../arm-none-eabi/lib/thumb/v8-m.main+fp/hard\libc_nano.a(libc_a-stdio.o)
                              C:/ST/STM32CubeIDE_1.15.1/STM32CubeIDE/plugins/com.st.stm32cube.ide.mcu.externaltools.gnu-tools-for-stm32.12.3.rel1.win32_1.0.100.202403111256/tools/bin/../lib/gcc/arm-none-eabi/12.3.1/../../../../arm-none-eabi/lib/thumb/v8-m.main+fp/hard\libc_nano.a(libc_a-findfp.o) (__sread)
C:/ST/STM32CubeIDE_1.15.1/STM32CubeIDE/plugins/com.st.stm32cube.ide.mcu.externaltools.gnu-tools-for-stm32.12.3.rel1.win32_1.0.100.202403111256/tools/bin/../lib/gcc/arm-none-eabi/12.3.1/../../../../arm-none-eabi/lib/thumb/v8-m.main+fp/hard\libc_nano.a(libc_a-memset.o)
                              C:/ST/STM32CubeIDE_1.15.1/STM32CubeIDE/plugins/com.st.stm32cube.ide.mcu.externaltools.gnu-tools-for-stm32.12.3.rel1.win32_1.0.100.202403111256/tools/bin/../lib/gcc/arm-none-eabi/12.3.1/../../../../arm-none-eabi/lib/thumb/v8-m.main+fp/hard/crt0.o (memset)
C:/ST/STM32CubeIDE_1.15.1/STM32CubeIDE/plugins/com.st.stm32cube.ide.mcu.externaltools.gnu-tools-for-stm32.12.3.rel1.win32_1.0.100.202403111256/tools/bin/../lib/gcc/arm-none-eabi/12.3.1/../../../../arm-none-eabi/lib/thumb/v8-m.main+fp/hard\libc_nano.a(libc_a-closer.o)
                              C:/ST/STM32CubeIDE_1.15.1/STM32CubeIDE/plugins/com.st.stm32cube.ide.mcu.externaltools.gnu-tools-for-stm32.12.3.rel1.win32_1.0.100.202403111256/tools/bin/../lib/gcc/arm-none-eabi/12.3.1/../../../../arm-none-eabi/lib/thumb/v8-m.main+fp/hard\libc_nano.a(libc_a-stdio.o) (_close_r)
C:/ST/STM32CubeIDE_1.15.1/STM32CubeIDE/plugins/com.st.stm32cube.ide.mcu.externaltools.gnu-tools-for-stm32.12.3.rel1.win32_1.0.100.202403111256/tools/bin/../lib/gcc/arm-none-eabi/12.3.1/../../../../arm-none-eabi/lib/thumb/v8-m.main+fp/hard\libc_nano.a(libc_a-reent.o)
                              C:/ST/STM32CubeIDE_1.15.1/STM32CubeIDE/plugins/com.st.stm32cube.ide.mcu.externaltools.gnu-tools-for-stm32.12.3.rel1.win32_1.0.100.202403111256/tools/bin/../lib/gcc/arm-none-eabi/12.3.1/../../../../arm-none-eabi/lib/thumb/v8-m.main+fp/hard\libc_nano.a(libc_a-closer.o) (errno)
C:/ST/STM32CubeIDE_1.15.1/STM32CubeIDE/plugins/com.st.stm32cube.ide.mcu.externaltools.gnu-tools-for-stm32.12.3.rel1.win32_1.0.100.202403111256/tools/bin/../lib/gcc/arm-none-eabi/12.3.1/../../../../arm-none-eabi/lib/thumb/v8-m.main+fp/hard\libc_nano.a(libc_a-impure.o)
                              C:/ST/STM32CubeIDE_1.15.1/STM32CubeIDE/plugins/com.st.stm32cube.ide.mcu.externaltools.gnu-tools-for-stm32.12.3.rel1.win32_1.0.100.202403111256/tools/bin/../lib/gcc/arm-none-eabi/12.3.1/../../../../arm-none-eabi/lib/thumb/v8-m.main+fp/hard\libc_nano.a(libc_a-reent.o) (_impure_ptr)
C:/ST/STM32CubeIDE_1.15.1/STM32CubeIDE/plugins/com.st.stm32cube.ide.mcu.externaltools.gnu-tools-for-stm32.12.3.rel1.win32_1.0.100.202403111256/tools/bin/../lib/gcc/arm-none-eabi/12.3.1/../../../../arm-none-eabi/lib/thumb/v8-m.main+fp/hard\libc_nano.a(libc_a-lseekr.o)
[...]
Memory Configuration

Name             Origin             Length             Attributes
RAM              0x20000000         0x000c0000         xrw
SRAM4            0x28000000         0x00004000         xrw
FLASH            0x08000000         0x00200000         xr
*default*        0x00000000         0xffffffff

Linker script and memory map

LOAD C:/ST/STM32CubeIDE_1.15.1/STM32CubeIDE/plugins/com.st.stm32cube.ide.mcu.externaltools.gnu-tools-for-stm32.12.3.rel1.win32_1.0.100.202403111256/tools/bin/../lib/gcc/arm-none-eabi/12.3.1/thumb/v8-m.main+fp/hard/crti.o
LOAD C:/ST/STM32CubeIDE_1.15.1/STM32CubeIDE/plugins/com.st.stm32cube.ide.mcu.externaltools.gnu-tools-for-stm32.12.3.rel1.win32_1.0.100.202403111256/tools/bin/../lib/gcc/arm-none-eabi/12.3.1/thumb/v8-m.main+fp/hard/crtbegin.o
LOAD C:/ST/STM32CubeIDE_1.15.1/STM32CubeIDE/plugins/com.st.stm32cube.ide.mcu.externaltools.gnu-tools-for-stm32.12.3.rel1.win32_1.0.100.202403111256/tools/bin/../lib/gcc/arm-none-eabi/12.3.1/../../../../arm-none-eabi/lib/thumb/v8-m.main+fp/hard/crt0.o
LOAD ./Core/Src/icache.o
LOAD ./Core/Src/main.o
LOAD ./Core/Src/memorymap.o
LOAD ./Core/Src/stm32u5xx_hal_msp.o
LOAD ./Core/Src/stm32u5xx_hal_timebase_tim.o
LOAD ./Core/Src/stm32u5xx_it.o
LOAD ./Core/Src/syscalls.o
LOAD ./Core/Src/sysmem.o
LOAD ./Core/Src/system_stm32u5xx.o
LOAD ./Core/Startup/startup_stm32u575qiix.o
LOAD ./Drivers/STM32U5xx_HAL_Driver/Src/stm32u5xx_hal.o
LOAD ./Drivers/STM32U5xx_HAL_Driver/Src/stm32u5xx_hal_cortex.o
LOAD ./Drivers/STM32U5xx_HAL_Driver/Src/stm32u5xx_hal_dma.o
LOAD ./Drivers/STM32U5xx_HAL_Driver/Src/stm32u5xx_hal_dma_ex.o
LOAD ./Drivers/STM32U5xx_HAL_Driver/Src/stm32u5xx_hal_exti.o
LOAD ./Drivers/STM32U5xx_HAL_Driver/Src/stm32u5xx_hal_flash.o
LOAD ./Drivers/STM32U5xx_HAL_Driver/Src/stm32u5xx_hal_flash_ex.o
LOAD ./Drivers/STM32U5xx_HAL_Driver/Src/stm32u5xx_hal_gpio.o
LOAD ./Drivers/STM32U5xx_HAL_Driver/Src/stm32u5xx_hal_gtzc.o
LOAD ./Drivers/STM32U5xx_HAL_Driver/Src/stm32u5xx_hal_i2c.o
LOAD ./Drivers/STM32U5xx_HAL_Driver/Src/stm32u5xx_hal_i2c_ex.o
LOAD ./Drivers/STM32U5xx_HAL_Driver/Src/stm32u5xx_hal_icache.o
LOAD ./Drivers/STM32U5xx_HAL_Driver/Src/stm32u5xx_hal_pwr.o
LOAD ./Drivers/STM32U5xx_HAL_Driver/Src/stm32u5xx_hal_pwr_ex.o
LOAD ./Drivers/STM32U5xx_HAL_Driver/Src/stm32u5xx_hal_rcc.o
LOAD ./Drivers/STM32U5xx_HAL_Driver/Src/stm32u5xx_hal_rcc_ex.o
LOAD ./Drivers/STM32U5xx_HAL_Driver/Src/stm32u5xx_hal_tim.o
LOAD ./Drivers/STM32U5xx_HAL_Driver/Src/stm32u5xx_hal_tim_ex.o
LOAD ./Libraries/FreeRTOS/croutine.o
LOAD ./Libraries/FreeRTOS/event_groups.o
LOAD ./Libraries/FreeRTOS/list.o
LOAD ./Libraries/FreeRTOS/queue.o
LOAD ./Libraries/FreeRTOS/stream_buffer.o
LOAD ./Libraries/FreeRTOS/tasks.o
LOAD ./Libraries/FreeRTOS/timers.o
LOAD ./Libraries/FreeRTOS/portable/GCC/ARM_CM33_NTZ/non_secure/mpu_wrappers_v2_asm.o
LOAD ./Libraries/FreeRTOS/portable/GCC/ARM_CM33_NTZ/non_secure/port.o
LOAD ./Libraries/FreeRTOS/portable/GCC/ARM_CM33_NTZ/non_secure/portasm.o
LOAD ./application/app_config/app_system.o
START GROUP
LOAD C:/ST/STM32CubeIDE_1.15.1/STM32CubeIDE/plugins/com.st.stm32cube.ide.mcu.externaltools.gnu-tools-for-stm32.12.3.rel1.win32_1.0.100.202403111256/tools/bin/../lib/gcc/arm-none-eabi/12.3.1/../../../../arm-none-eabi/lib/thumb/v8-m.main+fp/hard\libc_nano.a
LOAD C:/ST/STM32CubeIDE_1.15.1/STM32CubeIDE/plugins/com.st.stm32cube.ide.mcu.externaltools.gnu-tools-for-stm32.12.3.rel1.win32_1.0.100.202403111256/tools/bin/../lib/gcc/arm-none-eabi/12.3.1/../../../../arm-none-eabi/lib/thumb/v8-m.main+fp/hard\libm.a
END GROUP
START GROUP
LOAD C:/ST/STM32CubeIDE_1.15.1/STM32CubeIDE/plugins/com.st.stm32cube.ide.mcu.externaltools.gnu-tools-for-stm32.12.3.rel1.win32_1.0.100.202403111256/tools/bin/../lib/gcc/arm-none-eabi/12.3.1/thumb/v8-m.main+fp/hard\libgcc.a
LOAD C:/ST/STM32CubeIDE_1.15.1/STM32CubeIDE/plugins/com.st.stm32cube.ide.mcu.externaltools.gnu-tools-for-stm32.12.3.rel1.win32_1.0.100.202403111256/tools/bin/../lib/gcc/arm-none-eabi/12.3.1/../../../../arm-none-eabi/lib/thumb/v8-m.main+fp/hard\libc_nano.a
END GROUP
START GROUP
LOAD C:/ST/STM32CubeIDE_1.15.1/STM32CubeIDE/plugins/com.st.stm32cube.ide.mcu.externaltools.gnu-tools-for-stm32.12.3.rel1.win32_1.0.100.202403111256/tools/bin/../lib/gcc/arm-none-eabi/12.3.1/thumb/v8-m.main+fp/hard\libgcc.a
LOAD C:/ST/STM32CubeIDE_1.15.1/STM32CubeIDE/plugins/com.st.stm32cube.ide.mcu.externaltools.gnu-tools-for-stm32.12.3.rel1.win32_1.0.100.202403111256/tools/bin/../lib/gcc/arm-none-eabi/12.3.1/../../../../arm-none-eabi/lib/thumb/v8-m.main+fp/hard\libc_nano.a
LOAD C:/ST/STM32CubeIDE_1.15.1/STM32CubeIDE/plugins/com.st.stm32cube.ide.mcu.externaltools.gnu-tools-for-stm32.12.3.rel1.win32_1.0.100.202403111256/tools/bin/../lib/gcc/arm-none-eabi/12.3.1/../../../../arm-none-eabi/lib/thumb/v8-m.main+fp/hard\libnosys.a
END GROUP
START GROUP
LOAD C:/ST/STM32CubeIDE_1.15.1/STM32CubeIDE/plugins/com.st.stm32cube.ide.mcu.externaltools.gnu-tools-for-stm32.12.3.rel1.win32_1.0.100.202403111256/tools/bin/../lib/gcc/arm-none-eabi/12.3.1/thumb/v8-m.main+fp/hard\libgcc.a
LOAD C:/ST/STM32CubeIDE_1.15.1/STM32CubeIDE/plugins/com.st.stm32cube.ide.mcu.externaltools.gnu-tools-for-stm32.12.3.rel1.win32_1.0.100.202403111256/tools/bin/../lib/gcc/arm-none-eabi/12.3.1/../../../../arm-none-eabi/lib/thumb/v8-m.main+fp/hard\libc_nano.a
LOAD C:/ST/STM32CubeIDE_1.15.1/STM32CubeIDE/plugins/com.st.stm32cube.ide.mcu.externaltools.gnu-tools-for-stm32.12.3.rel1.win32_1.0.100.202403111256/tools/bin/../lib/gcc/arm-none-eabi/12.3.1/../../../../arm-none-eabi/lib/thumb/v8-m.main+fp/hard\libnosys.a
END GROUP
LOAD C:/ST/STM32CubeIDE_1.15.1/STM32CubeIDE/plugins/com.st.stm32cube.ide.mcu.externaltools.gnu-tools-for-stm32.12.3.rel1.win32_1.0.100.202403111256/tools/bin/../lib/gcc/arm-none-eabi/12.3.1/thumb/v8-m.main+fp/hard/crtend.o
LOAD C:/ST/STM32CubeIDE_1.15.1/STM32CubeIDE/plugins/com.st.stm32cube.ide.mcu.externaltools.gnu-tools-for-stm32.12.3.rel1.win32_1.0.100.202403111256/tools/bin/../lib/gcc/arm-none-eabi/12.3.1/thumb/v8-m.main+fp/hard/crtn.o
                0x200c0000                        _estack = (ORIGIN (RAM) + LENGTH (RAM))
                0x00000200                        _Min_Heap_Size = 0x200
                0x00000400                        _Min_Stack_Size = 0x400

.isr_vector     0x08000000      0x238
 *(.isr_vector)
 .isr_vector    0x08000000      0x238 ./Core/Startup/startup_stm32u575qiix.o
                0x08000000                g_pfnVectors

.text           0x08000238     0x4860
 *(.text)
 .text          0x08000238       0x40 C:/ST/STM32CubeIDE_1.15.1/STM32CubeIDE/plugins/com.st.stm32cube.ide.mcu.externaltools.gnu-tools-for-stm32.12.3.rel1.win32_1.0.100.202403111256/tools/bin/../lib/gcc/arm-none-eabi/12.3.1/thumb/v8-m.main+fp/hard/crtbegin.o
 *(.text*)
 .text.MX_ICACHE_Init
                0x08000278       0x26 ./Core/Src/icache.o
                0x08000278                MX_ICACHE_Init
 .text.main     0x0800029e       0x1c ./Core/Src/main.o
                0x0800029e                main
 .text.SystemClock_Config
                0x080002ba       0x92 ./Core/Src/main.o
                0x080002ba                SystemClock_Config
 .text.HAL_TIM_PeriodElapsedCallback
                0x0800034c       0x24 ./Core/Src/main.o
                0x0800034c                HAL_TIM_PeriodElapsedCallback
 .text.Error_Handler
                0x08000370        0xc ./Core/Src/main.o
                0x08000370                Error_Handler
 .text.HAL_MspInit
                0x0800037c       0x34 ./Core/Src/stm32u5xx_hal_msp.o
                0x0800037c                HAL_MspInit
 .text.HAL_InitTick
                0x080003b0       0xe0 ./Core/Src/stm32u5xx_hal_timebase_tim.o
                0x080003b0                HAL_InitTick
 .text.NMI_Handler
                0x08000490        0x8 ./Core/Src/stm32u5xx_it.o
                0x08000490                NMI_Handler
 .text.HardFault_Handler
                0x08000498        0x8 ./Core/Src/stm32u5xx_it.o
                0x08000498                HardFault_Handler
 .text.MemManage_Handler
                0x080004a0        0x8 ./Core/Src/stm32u5xx_it.o
                0x080004a0                MemManage_Handler
 .text.BusFault_Handler
                0x080004a8        0x8 ./Core/Src/stm32u5xx_it.o
                0x080004a8                BusFault_Handler
 .text.UsageFault_Handler
                0x080004b0        0x8 ./Core/Src/stm32u5xx_it.o
                0x080004b0                UsageFault_Handler
 .text.DebugMon_Handler
                0x080004b8        0xe ./Core/Src/stm32u5xx_it.o
                0x080004b8                DebugMon_Handler
 *fill*         0x080004c6        0x2 
 .text.TIM7_IRQHandler
                0x080004c8       0x14 ./Core/Src/stm32u5xx_it.o
                0x080004c8                TIM7_IRQHandler
 .text.SystemInit
                0x080004dc       0x70 ./Core/Src/system_stm32u5xx.o
                0x080004dc                SystemInit
 .text.Reset_Handler
                0x0800054c       0x50 ./Core/Startup/startup_stm32u575qiix.o
                0x0800054c                Reset_Handler
 .text.Default_Handler
                0x0800059c        0x2 ./Core/Startup/startup_stm32u575qiix.o
                0x0800059c                EXTI2_IRQHandler
                0x0800059c                TIM8_TRG_COM_IRQHandler
                0x0800059c                TIM8_CC_IRQHandler
                0x0800059c                EXTI5_IRQHandler
                0x0800059c                FLASH_S_IRQHandler
                0x0800059c                EXTI13_IRQHandler
                0x0800059c                TIM1_CC_IRQHandler
                0x0800059c                TSC_IRQHandler
                0x0800059c                TAMP_IRQHandler
                0x0800059c                TIM6_IRQHandler
                0x0800059c                EXTI12_IRQHandler
                0x0800059c                CORDIC_IRQHandler
                0x0800059c                EXTI3_IRQHandler
                0x0800059c                LPTIM4_IRQHandler
                0x0800059c                GPDMA1_Channel5_IRQHandler
                0x0800059c                EXTI8_IRQHandler
                0x0800059c                LPTIM2_IRQHandler
                0x0800059c                I2C3_ER_IRQHandler
                0x0800059c                PWR_S3WU_IRQHandler
                0x0800059c                MDF1_FLT2_IRQHandler
                0x0800059c                LPDMA1_Channel3_IRQHandler
                0x0800059c                LPTIM3_IRQHandler
                0x0800059c                EXTI0_IRQHandler
                0x0800059c                I2C2_EV_IRQHandler
                0x0800059c                FPU_IRQHandler
                0x0800059c                GPDMA1_Channel3_IRQHandler
                0x0800059c                GPDMA1_Channel7_IRQHandler
                0x0800059c                MDF1_FLT4_IRQHandler
                0x0800059c                FDCAN1_IT1_IRQHandler
                0x0800059c                RAMCFG_IRQHandler
                0x0800059c                GPDMA1_Channel9_IRQHandler
                0x0800059c                DCACHE1_IRQHandler
                0x0800059c                SPI1_IRQHandler
                0x0800059c                OCTOSPI1_IRQHandler
                0x0800059c                GPDMA1_Channel2_IRQHandler
                0x0800059c                TIM8_UP_IRQHandler
                0x0800059c                RCC_S_IRQHandler
                0x0800059c                OCTOSPI2_IRQHandler
                0x0800059c                SAI2_IRQHandler
                0x0800059c                MDF1_FLT1_IRQHandler
                0x0800059c                ADC1_IRQHandler
                0x0800059c                MDF1_FLT5_IRQHandler
                0x0800059c                EXTI15_IRQHandler
                0x0800059c                TIM17_IRQHandler
                0x0800059c                USART3_IRQHandler
                0x0800059c                RTC_IRQHandler
                0x0800059c                EXTI9_IRQHandler
                0x0800059c                UART5_IRQHandler
                0x0800059c                TIM4_IRQHandler
                0x0800059c                I2C1_EV_IRQHandler
                0x0800059c                GPDMA1_Channel12_IRQHandler
                0x0800059c                GPDMA1_Channel1_IRQHandler
                0x0800059c                TIM16_IRQHandler
                0x0800059c                GPDMA1_Channel15_IRQHandler
                0x0800059c                UART4_IRQHandler
                0x0800059c                SecureFault_Handler
                0x0800059c                TIM3_IRQHandler
                0x0800059c                RCC_IRQHandler
                0x0800059c                TIM1_TRG_COM_IRQHandler
                0x0800059c                Default_Handler
                0x0800059c                GPDMA1_Channel8_IRQHandler
                0x0800059c                FMAC_IRQHandler
                0x0800059c                GPDMA1_Channel11_IRQHandler
                0x0800059c                SDMMC1_IRQHandler
                0x0800059c                TIM5_IRQHandler
                0x0800059c                UCPD1_IRQHandler
                0x0800059c                GPDMA1_Channel0_IRQHandler
                0x0800059c                TIM15_IRQHandler
                0x0800059c                I2C3_EV_IRQHandler
                0x0800059c                LPDMA1_Channel0_IRQHandler
                0x0800059c                PVD_PVM_IRQHandler
                0x0800059c                SPI2_IRQHandler
                0x0800059c                LPDMA1_Channel1_IRQHandler
                0x0800059c                EXTI14_IRQHandler
                0x0800059c                EXTI11_IRQHandler
                0x0800059c                CRS_IRQHandler
                0x0800059c                GPDMA1_Channel14_IRQHandler
                0x0800059c                LSECSSD_IRQHandler
                0x0800059c                EXTI4_IRQHandler
                0x0800059c                RTC_S_IRQHandler
                0x0800059c                GPDMA1_Channel13_IRQHandler
                0x0800059c                RNG_IRQHandler
                0x0800059c                COMP_IRQHandler
                0x0800059c                TIM1_UP_IRQHandler
                0x0800059c                ADC4_IRQHandler
                0x0800059c                WWDG_IRQHandler
                0x0800059c                I2C4_EV_IRQHandler
                0x0800059c                ADF1_IRQHandler
                0x0800059c                IWDG_IRQHandler
                0x0800059c                LPUART1_IRQHandler
                0x0800059c                MDF1_FLT0_IRQHandler
                0x0800059c                FDCAN1_IT0_IRQHandler
                0x0800059c                TIM2_IRQHandler
                0x0800059c                GPDMA1_Channel4_IRQHandler
                0x0800059c                EXTI7_IRQHandler
                0x0800059c                DMA2D_IRQHandler
                0x0800059c                TIM1_BRK_IRQHandler
                0x0800059c                EXTI1_IRQHandler
                0x0800059c                SDMMC2_IRQHandler
                0x0800059c                DAC1_IRQHandler
                0x0800059c                GTZC_IRQHandler
                0x0800059c                MDF1_FLT3_IRQHandler
                0x0800059c                USART2_IRQHandler
                0x0800059c                GPDMA1_Channel6_IRQHandler
                0x0800059c                I2C2_ER_IRQHandler
                0x0800059c                TIM8_BRK_IRQHandler
                0x0800059c                FLASH_IRQHandler
                0x0800059c                USART1_IRQHandler
                0x0800059c                EXTI10_IRQHandler
                0x0800059c                OTG_FS_IRQHandler
                0x0800059c                SPI3_IRQHandler
                0x0800059c                LPDMA1_Channel2_IRQHandler
                0x0800059c                I2C1_ER_IRQHandler
                0x0800059c                FMC_IRQHandler
                0x0800059c                EXTI6_IRQHandler
                0x0800059c                LPTIM1_IRQHandler
                0x0800059c                DCMI_PSSI_IRQHandler
                0x0800059c                I2C4_ER_IRQHandler
                0x0800059c                GPDMA1_Channel10_IRQHandler
                0x0800059c                ICACHE_IRQHandler
                0x0800059c                SAI1_IRQHandler
                0x0800059c                HASH_IRQHandler
 *fill*         0x0800059e        0x2 
 .text.HAL_Init
                0x080005a0       0x60 ./Drivers/STM32U5xx_HAL_Driver/Src/stm32u5xx_hal.o
                0x080005a0                HAL_Init
 .text.HAL_IncTick
                0x08000600       0x28 ./Drivers/STM32U5xx_HAL_Driver/Src/stm32u5xx_hal.o
                0x08000600                HAL_IncTick
 .text.HAL_GetTick
                0x08000628       0x18 ./Drivers/STM32U5xx_HAL_Driver/Src/stm32u5xx_hal.o
                0x08000628                HAL_GetTick
 .text.__NVIC_SetPriorityGrouping
                0x08000640       0x48 ./Drivers/STM32U5xx_HAL_Driver/Src/stm32u5xx_hal_cortex.o
 .text.__NVIC_GetPriorityGrouping
                0x08000688       0x1c ./Drivers/STM32U5xx_HAL_Driver/Src/stm32u5xx_hal_cortex.o
 .text.__NVIC_EnableIRQ
                0x080006a4       0x3c ./Drivers/STM32U5xx_HAL_Driver/Src/stm32u5xx_hal_cortex.o
 .text.__NVIC_SetPriority
                0x080006e0       0x54 ./Drivers/STM32U5xx_HAL_Driver/Src/stm32u5xx_hal_cortex.o
 .text.NVIC_EncodePriority
                0x08000734       0x66 ./Drivers/STM32U5xx_HAL_Driver/Src/stm32u5xx_hal_cortex.o
 .text.HAL_NVIC_SetPriorityGrouping
                0x0800079a       0x16 ./Drivers/STM32U5xx_HAL_Driver/Src/stm32u5xx_hal_cortex.o
                0x0800079a                HAL_NVIC_SetPriorityGrouping
 .text.HAL_NVIC_SetPriority
                0x080007b0       0x34 ./Drivers/STM32U5xx_HAL_Driver/Src/stm32u5xx_hal_cortex.o
                0x080007b0                HAL_NVIC_SetPriority
 .text.HAL_NVIC_EnableIRQ
                0x080007e4       0x1c ./Drivers/STM32U5xx_HAL_Driver/Src/stm32u5xx_hal_cortex.o
                0x080007e4                HAL_NVIC_EnableIRQ
 .text.HAL_SYSTICK_CLKSourceConfig
                0x08000800       0xb0 ./Drivers/STM32U5xx_HAL_Driver/Src/stm32u5xx_hal_cortex.o
                0x08000800                HAL_SYSTICK_CLKSourceConfig
 .text.HAL_ICACHE_ConfigAssociativityMode
                0x080008b0       0x40 ./Drivers/STM32U5xx_HAL_Driver/Src/stm32u5xx_hal_icache.o
                0x080008b0                HAL_ICACHE_ConfigAssociativityMode
 .text.HAL_ICACHE_Enable
                0x080008f0       0x20 ./Drivers/STM32U5xx_HAL_Driver/Src/stm32u5xx_hal_icache.o
                0x080008f0                HAL_ICACHE_Enable
 .text.HAL_PWREx_ControlVoltageScaling
                0x08000910       0xfc ./Drivers/STM32U5xx_HAL_Driver/Src/stm32u5xx_hal_pwr_ex.o
                0x08000910                HAL_PWREx_ControlVoltageScaling
 .text.HAL_PWREx_GetVoltageRange
                0x08000a0c       0x1c ./Drivers/STM32U5xx_HAL_Driver/Src/stm32u5xx_hal_pwr_ex.o
                0x08000a0c                HAL_PWREx_GetVoltageRange
 .text.HAL_RCC_OscConfig
                0x08000a28      0xdb8 ./Drivers/STM32U5xx_HAL_Driver/Src/stm32u5xx_hal_rcc.o
                0x08000a28                HAL_RCC_OscConfig
 .text.HAL_RCC_ClockConfig
                0x080017e0      0x3e4 ./Drivers/STM32U5xx_HAL_Driver/Src/stm32u5xx_hal_rcc.o
                0x080017e0                HAL_RCC_ClockConfig
 .text.HAL_RCC_GetSysClockFreq
                0x08001bc4      0x204 ./Drivers/STM32U5xx_HAL_Driver/Src/stm32u5xx_hal_rcc.o
                0x08001bc4                HAL_RCC_GetSysClockFreq
 .text.HAL_RCC_GetHCLKFreq
                0x08001dc8       0x34 ./Drivers/STM32U5xx_HAL_Driver/Src/stm32u5xx_hal_rcc.o
                0x08001dc8                HAL_RCC_GetHCLKFreq
 .text.HAL_RCC_GetPCLK1Freq
                0x08001dfc       0x28 ./Drivers/STM32U5xx_HAL_Driver/Src/stm32u5xx_hal_rcc.o
                0x08001dfc                HAL_RCC_GetPCLK1Freq
 .text.HAL_RCC_GetClockConfig
                0x08001e24       0x70 ./Drivers/STM32U5xx_HAL_Driver/Src/stm32u5xx_hal_rcc.o
                0x08001e24                HAL_RCC_GetClockConfig
 .text.RCC_SetFlashLatencyFromMSIRange
                0x08001e94      0x10c ./Drivers/STM32U5xx_HAL_Driver/Src/stm32u5xx_hal_rcc.o
 .text.HAL_TIM_Base_Init
                0x08001fa0       0xae ./Drivers/STM32U5xx_HAL_Driver/Src/stm32u5xx_hal_tim.o
                0x08001fa0                HAL_TIM_Base_Init
 .text.HAL_TIM_Base_MspInit
                0x0800204e       0x14 ./Drivers/STM32U5xx_HAL_Driver/Src/stm32u5xx_hal_tim.o
                0x0800204e                HAL_TIM_Base_MspInit
 *fill*         0x08002062        0x2 
 .text.HAL_TIM_Base_Start_IT
                0x08002064      0x140 ./Drivers/STM32U5xx_HAL_Driver/Src/stm32u5xx_hal_tim.o
                0x08002064                HAL_TIM_Base_Start_IT
 .text.HAL_TIM_IRQHandler
                0x080021a4      0x29e ./Drivers/STM32U5xx_HAL_Driver/Src/stm32u5xx_hal_tim.o
                0x080021a4                HAL_TIM_IRQHandler
 .text.HAL_TIM_OC_DelayElapsedCallback
                0x08002442       0x14 ./Drivers/STM32U5xx_HAL_Driver/Src/stm32u5xx_hal_tim.o
                0x08002442                HAL_TIM_OC_DelayElapsedCallback
 .text.HAL_TIM_IC_CaptureCallback
                0x08002456       0x14 ./Drivers/STM32U5xx_HAL_Driver/Src/stm32u5xx_hal_tim.o
                0x08002456                HAL_TIM_IC_CaptureCallback
 .text.HAL_TIM_PWM_PulseFinishedCallback
                0x0800246a       0x14 ./Drivers/STM32U5xx_HAL_Driver/Src/stm32u5xx_hal_tim.o
                0x0800246a                HAL_TIM_PWM_PulseFinishedCallback
 .text.HAL_TIM_TriggerCallback
                0x0800247e       0x14 ./Drivers/STM32U5xx_HAL_Driver/Src/stm32u5xx_hal_tim.o
                0x0800247e                HAL_TIM_TriggerCallback
 *fill*         0x08002492        0x2 
 .text.TIM_Base_SetConfig
                0x08002494      0x20c ./Drivers/STM32U5xx_HAL_Driver/Src/stm32u5xx_hal_tim.o
                0x08002494                TIM_Base_SetConfig
 .text.HAL_TIMEx_CommutCallback
                0x080026a0       0x14 ./Drivers/STM32U5xx_HAL_Driver/Src/stm32u5xx_hal_tim_ex.o
                0x080026a0                HAL_TIMEx_CommutCallback
 .text.HAL_TIMEx_BreakCallback
                0x080026b4       0x14 ./Drivers/STM32U5xx_HAL_Driver/Src/stm32u5xx_hal_tim_ex.o
                0x080026b4                HAL_TIMEx_BreakCallback
 .text.HAL_TIMEx_Break2Callback
                0x080026c8       0x14 ./Drivers/STM32U5xx_HAL_Driver/Src/stm32u5xx_hal_tim_ex.o
                0x080026c8                HAL_TIMEx_Break2Callback
 .text.HAL_TIMEx_EncoderIndexCallback
                0x080026dc       0x14 ./Drivers/STM32U5xx_HAL_Driver/Src/stm32u5xx_hal_tim_ex.o
                0x080026dc                HAL_TIMEx_EncoderIndexCallback
 .text.HAL_TIMEx_DirectionChangeCallback
                0x080026f0       0x14 ./Drivers/STM32U5xx_HAL_Driver/Src/stm32u5xx_hal_tim_ex.o
                0x080026f0                HAL_TIMEx_DirectionChangeCallback
 .text.HAL_TIMEx_IndexErrorCallback
                0x08002704       0x14 ./Drivers/STM32U5xx_HAL_Driver/Src/stm32u5xx_hal_tim_ex.o
                0x08002704                HAL_TIMEx_IndexErrorCallback
 .text.HAL_TIMEx_TransitionErrorCallback
                0x08002718       0x14 ./Drivers/STM32U5xx_HAL_Driver/Src/stm32u5xx_hal_tim_ex.o
                0x08002718                HAL_TIMEx_TransitionErrorCallback
 .text.vListInitialise
                0x0800272c       0x40 ./Libraries/FreeRTOS/list.o
                0x0800272c                vListInitialise
 .text.vListInitialiseItem
                0x0800276c       0x1a ./Libraries/FreeRTOS/list.o
                0x0800276c                vListInitialiseItem
 .text.vListInsert
                0x08002786       0x72 ./Libraries/FreeRTOS/list.o
                0x08002786                vListInsert
 .text.uxListRemove
                0x080027f8       0x54 ./Libraries/FreeRTOS/list.o
                0x080027f8                uxListRemove
 .text.xQueueGenericReset
                0x0800284c       0xf2 ./Libraries/FreeRTOS/queue.o
                0x0800284c                xQueueGenericReset
 .text.xQueueGenericCreateStatic
                0x0800293e       0x8a ./Libraries/FreeRTOS/queue.o
                0x0800293e                xQueueGenericCreateStatic
 .text.prvInitialiseNewQueue
                0x080029c8       0x4c ./Libraries/FreeRTOS/queue.o
 .text.xQueueReceive
                0x08002a14      0x178 ./Libraries/FreeRTOS/queue.o
                0x08002a14                xQueueReceive
 .text.prvCopyDataToQueue
                0x08002b8c       0xd4 ./Libraries/FreeRTOS/queue.o
 .text.prvCopyDataFromQueue
                0x08002c60       0x4c ./Libraries/FreeRTOS/queue.o
 .text.prvUnlockQueue
                0x08002cac       0xbe ./Libraries/FreeRTOS/queue.o
 .text.prvIsQueueEmpty
                0x08002d6a       0x2c ./Libraries/FreeRTOS/queue.o
 *fill*         0x08002d96        0x2 
 .text.vQueueAddToRegistry
                0x08002d98       0x8c ./Libraries/FreeRTOS/queue.o
                0x08002d98                vQueueAddToRegistry
 .text.vQueueWaitForMessageRestricted
                0x08002e24       0x68 ./Libraries/FreeRTOS/queue.o
                0x08002e24                vQueueWaitForMessageRestricted
 .text.prvNotifyQueueSetContainer
                0x08002e8c       0xb6 ./Libraries/FreeRTOS/queue.o
 .text.prvCreateStaticTask
                0x08002f42       0x8a ./Libraries/FreeRTOS/tasks.o
 .text.xTaskCreateStatic
                0x08002fcc       0x48 ./Libraries/FreeRTOS/tasks.o
                0x08002fcc                xTaskCreateStatic
 .text.prvInitialiseNewTask
                0x08003014      0x104 ./Libraries/FreeRTOS/tasks.o
 .text.prvAddNewTaskToReadyList
                0x08003118      0x120 ./Libraries/FreeRTOS/tasks.o
 .text.prvCreateIdleTasks
                0x08003238       0xd0 ./Libraries/FreeRTOS/tasks.o
 .text.vTaskStartScheduler
                0x08003308       0x68 ./Libraries/FreeRTOS/tasks.o
                0x08003308                vTaskStartScheduler
 .text.vTaskSuspendAll
                0x08003370       0x1c ./Libraries/FreeRTOS/tasks.o
                0x08003370                vTaskSuspendAll
 .text.xTaskResumeAll
                0x0800338c      0x1f0 ./Libraries/FreeRTOS/tasks.o
                0x0800338c                xTaskResumeAll
 .text.xTaskGetTickCount
                0x0800357c       0x20 ./Libraries/FreeRTOS/tasks.o
                0x0800357c                xTaskGetTickCount
 .text.uxTaskGetNumberOfTasks
                0x0800359c       0x18 ./Libraries/FreeRTOS/tasks.o
                0x0800359c                uxTaskGetNumberOfTasks
 .text.xTaskIncrementTick
                0x080035b4      0x224 ./Libraries/FreeRTOS/tasks.o
                0x080035b4                xTaskIncrementTick
 .text.vTaskSwitchContext
                0x080037d8       0xa8 ./Libraries/FreeRTOS/tasks.o
                0x080037d8                vTaskSwitchContext
 .text.vTaskPlaceOnEventList
                0x08003880       0x3c ./Libraries/FreeRTOS/tasks.o
                0x08003880                vTaskPlaceOnEventList
 .text.vTaskPlaceOnEventListRestricted
                0x080038bc       0x7c ./Libraries/FreeRTOS/tasks.o
                0x080038bc                vTaskPlaceOnEventListRestricted
 .text.xTaskRemoveFromEventList
                0x08003938      0x1a0 ./Libraries/FreeRTOS/tasks.o
                0x08003938                xTaskRemoveFromEventList
 .text.vTaskInternalSetTimeOutState
                0x08003ad8       0x2c ./Libraries/FreeRTOS/tasks.o
                0x08003ad8                vTaskInternalSetTimeOutState
 .text.xTaskCheckForTimeOut
                0x08003b04       0xb0 ./Libraries/FreeRTOS/tasks.o
                0x08003b04                xTaskCheckForTimeOut
 .text.vTaskMissedYield
                0x08003bb4       0x18 ./Libraries/FreeRTOS/tasks.o
                0x08003bb4                vTaskMissedYield
 .text.prvIdleTask
                0x08003bcc       0x24 ./Libraries/FreeRTOS/tasks.o
 .text.prvInitialiseTaskLists
                0x08003bf0       0x80 ./Libraries/FreeRTOS/tasks.o
 .text.prvCheckTasksWaitingTermination
                0x08003c70       0x5c ./Libraries/FreeRTOS/tasks.o
 .text.prvDeleteTCB
                0x08003ccc       0x14 ./Libraries/FreeRTOS/tasks.o
 .text.prvResetNextTaskUnblockTime
                0x08003ce0       0x38 ./Libraries/FreeRTOS/tasks.o
 .text.xTaskGetSchedulerState
                0x08003d18       0x3c ./Libraries/FreeRTOS/tasks.o
                0x08003d18                xTaskGetSchedulerState
 .text.xTaskPriorityDisinherit
                0x08003d54      0x12c ./Libraries/FreeRTOS/tasks.o
                0x08003d54                xTaskPriorityDisinherit
 .text.prvAddCurrentTaskToDelayedList
                0x08003e80      0x104 ./Libraries/FreeRTOS/tasks.o
 .text.xTimerCreateTimerTask
                0x08003f84       0x80 ./Libraries/FreeRTOS/timers.o
                0x08003f84                xTimerCreateTimerTask
 .text.prvReloadTimer
                0x08004004       0x42 ./Libraries/FreeRTOS/timers.o
 *fill*         0x08004046        0x2 
 .text.prvProcessExpiredTimer
                0x08004048       0x60 ./Libraries/FreeRTOS/timers.o
 .text.prvTimerTask
                0x080040a8       0x26 ./Libraries/FreeRTOS/timers.o
 *fill*         0x080040ce        0x2 
 .text.prvProcessTimerOrBlockTask
                0x080040d0       0x8c ./Libraries/FreeRTOS/timers.o
 .text.prvGetNextExpireTime
                0x0800415c       0x48 ./Libraries/FreeRTOS/timers.o
 .text.prvSampleTimeNow
                0x080041a4       0x40 ./Libraries/FreeRTOS/timers.o
 .text.prvInsertTimerInActiveList
                0x080041e4       0x84 ./Libraries/FreeRTOS/timers.o
 .text.prvProcessReceivedCommands
                0x08004268      0x164 ./Libraries/FreeRTOS/timers.o
 .text.prvSwitchTimerLists
                0x080043cc       0x4c ./Libraries/FreeRTOS/timers.o
 .text.prvCheckForValidListAndQueue
                0x08004418       0x80 ./Libraries/FreeRTOS/timers.o
 .text.vPortSetupTimerInterrupt
                0x08004498       0x48 ./Libraries/FreeRTOS/portable/GCC/ARM_CM33_NTZ/non_secure/port.o
                0x08004498                vPortSetupTimerInterrupt
 .text.prvTaskExitError
                0x080044e0       0x38 ./Libraries/FreeRTOS/portable/GCC/ARM_CM33_NTZ/non_secure/port.o
 .text.vPortYield
                0x08004518       0x24 ./Libraries/FreeRTOS/portable/GCC/ARM_CM33_NTZ/non_secure/port.o
                0x08004518                vPortYield
 .text.vPortEnterCritical
                0x0800453c       0x24 ./Libraries/FreeRTOS/portable/GCC/ARM_CM33_NTZ/non_secure/port.o
                0x0800453c                vPortEnterCritical
 .text.vPortExitCritical
                0x08004560       0x34 ./Libraries/FreeRTOS/portable/GCC/ARM_CM33_NTZ/non_secure/port.o
                0x08004560                vPortExitCritical
 .text.SysTick_Handler
                0x08004594       0x30 ./Libraries/FreeRTOS/portable/GCC/ARM_CM33_NTZ/non_secure/port.o
                0x08004594                SysTick_Handler
 .text.vPortSVCHandler_C
                0x080045c4       0x32 ./Libraries/FreeRTOS/portable/GCC/ARM_CM33_NTZ/non_secure/port.o
                0x080045c4                vPortSVCHandler_C
 *fill*         0x080045f6        0x2 
 .text.pxPortInitialiseStack
                0x080045f8      0x114 ./Libraries/FreeRTOS/portable/GCC/ARM_CM33_NTZ/non_secure/port.o
                0x080045f8                pxPortInitialiseStack
 .text.xPortStartScheduler
                0x0800470c      0x12c ./Libraries/FreeRTOS/portable/GCC/ARM_CM33_NTZ/non_secure/port.o
                0x0800470c                xPortStartScheduler
 .text.vRestoreContextOfFirstTask
                0x08004838       0x2c ./Libraries/FreeRTOS/portable/GCC/ARM_CM33_NTZ/non_secure/portasm.o
                0x08004838                vRestoreContextOfFirstTask
 .text.vStartFirstTask
                0x08004864       0x20 ./Libraries/FreeRTOS/portable/GCC/ARM_CM33_NTZ/non_secure/portasm.o
                0x08004864                vStartFirstTask
 .text.ulSetInterruptMask
                0x08004884       0x1a ./Libraries/FreeRTOS/portable/GCC/ARM_CM33_NTZ/non_secure/portasm.o
                0x08004884                ulSetInterruptMask
 .text.vClearInterruptMask
                0x0800489e       0x10 ./Libraries/FreeRTOS/portable/GCC/ARM_CM33_NTZ/non_secure/portasm.o
                0x0800489e                vClearInterruptMask
 *fill*         0x080048ae        0x2 
 .text.PendSV_Handler
                0x080048b0       0x4c ./Libraries/FreeRTOS/portable/GCC/ARM_CM33_NTZ/non_secure/portasm.o
                0x080048b0                PendSV_Handler
 .text.SVC_Handler
                0x080048fc       0x18 ./Libraries/FreeRTOS/portable/GCC/ARM_CM33_NTZ/non_secure/portasm.o
                0x080048fc                SVC_Handler
 .text.app_system_configure
                0x08004914       0x18 ./application/app_config/app_system.o
                0x08004914                app_system_configure
 .text.app_system_start
                0x0800492c       0x5c ./application/app_config/app_system.o
                0x0800492c                app_system_start
 .text.vApplicationIdleHook
                0x08004988        0xe ./application/app_config/app_system.o
                0x08004988                vApplicationIdleHook
 .text.sys_control_task
                0x08004996        0xe ./application/app_config/app_system.o
 .text.vApplicationGetIdleTaskMemory
                0x080049a4       0x34 ./application/app_config/app_system.o
                0x080049a4                vApplicationGetIdleTaskMemory
 .text.vApplicationGetTimerTaskMemory
                0x080049d8       0x34 ./application/app_config/app_system.o
                0x080049d8                vApplicationGetTimerTaskMemory
 .text.memset   0x08004a0c       0x10 C:/ST/STM32CubeIDE_1.15.1/STM32CubeIDE/plugins/com.st.stm32cube.ide.mcu.externaltools.gnu-tools-for-stm32.12.3.rel1.win32_1.0.100.202403111256/tools/bin/../lib/gcc/arm-none-eabi/12.3.1/../../../../arm-none-eabi/lib/thumb/v8-m.main+fp/hard\libc_nano.a(libc_a-memset.o)
                0x08004a0c                memset
 .text.__libc_init_array
                0x08004a1c       0x48 C:/ST/STM32CubeIDE_1.15.1/STM32CubeIDE/plugins/com.st.stm32cube.ide.mcu.externaltools.gnu-tools-for-stm32.12.3.rel1.win32_1.0.100.202403111256/tools/bin/../lib/gcc/arm-none-eabi/12.3.1/../../../../arm-none-eabi/lib/thumb/v8-m.main+fp/hard\libc_nano.a(libc_a-init.o)
                0x08004a1c                __libc_init_array
 .text.memcpy   0x08004a64       0x1a C:/ST/STM32CubeIDE_1.15.1/STM32CubeIDE/plugins/com.st.stm32cube.ide.mcu.externaltools.gnu-tools-for-stm32.12.3.rel1.win32_1.0.100.202403111256/tools/bin/../lib/gcc/arm-none-eabi/12.3.1/../../../../arm-none-eabi/lib/thumb/v8-m.main+fp/hard\libc_nano.a(libc_a-memcpy-stub.o)
                0x08004a64                memcpy
 *(.glue_7)
 .glue_7        0x08004a7e        0x0 linker stubs
 *(.glue_7t)
 .glue_7t       0x08004a7e        0x0 linker stubs
 *(.eh_frame)
 *fill*         0x08004a7e        0x2 
 .eh_frame      0x08004a80        0x0 C:/ST/STM32CubeIDE_1.15.1/STM32CubeIDE/plugins/com.st.stm32cube.ide.mcu.externaltools.gnu-tools-for-stm32.12.3.rel1.win32_1.0.100.202403111256/tools/bin/../lib/gcc/arm-none-eabi/12.3.1/thumb/v8-m.main+fp/hard/crtbegin.o
 *(.init)
 .init          0x08004a80        0x4 C:/ST/STM32CubeIDE_1.15.1/STM32CubeIDE/plugins/com.st.stm32cube.ide.mcu.externaltools.gnu-tools-for-stm32.12.3.rel1.win32_1.0.100.202403111256/tools/bin/../lib/gcc/arm-none-eabi/12.3.1/thumb/v8-m.main+fp/hard/crti.o
                0x08004a80                _init
 .init          0x08004a84        0x8 C:/ST/STM32CubeIDE_1.15.1/STM32CubeIDE/plugins/com.st.stm32cube.ide.mcu.externaltools.gnu-tools-for-stm32.12.3.rel1.win32_1.0.100.202403111256/tools/bin/../lib/gcc/arm-none-eabi/12.3.1/thumb/v8-m.main+fp/hard/crtn.o
 *(.fini)
 .fini          0x08004a8c        0x4 C:/ST/STM32CubeIDE_1.15.1/STM32CubeIDE/plugins/com.st.stm32cube.ide.mcu.externaltools.gnu-tools-for-stm32.12.3.rel1.win32_1.0.100.202403111256/tools/bin/../lib/gcc/arm-none-eabi/12.3.1/thumb/v8-m.main+fp/hard/crti.o
                0x08004a8c                _fini
 .fini          0x08004a90        0x8 C:/ST/STM32CubeIDE_1.15.1/STM32CubeIDE/plugins/com.st.stm32cube.ide.mcu.externaltools.gnu-tools-for-stm32.12.3.rel1.win32_1.0.100.202403111256/tools/bin/../lib/gcc/arm-none-eabi/12.3.1/thumb/v8-m.main+fp/hard/crtn.o
                0x08004a98                        _etext = .

.vfp11_veneer   0x08004a98        0x0
 .vfp11_veneer  0x08004a98        0x0 linker stubs

.v4_bx          0x08004a98        0x0
 .v4_bx         0x08004a98        0x0 linker stubs

.iplt           0x08004a98        0x0
 .iplt          0x08004a98        0x0 C:/ST/STM32CubeIDE_1.15.1/STM32CubeIDE/plugins/com.st.stm32cube.ide.mcu.externaltools.gnu-tools-for-stm32.12.3.rel1.win32_1.0.100.202403111256/tools/bin/../lib/gcc/arm-none-eabi/12.3.1/thumb/v8-m.main+fp/hard/crtbegin.o

.rodata         0x08004a98       0x7c
 *(.rodata)
 .rodata        0x08004a98        0x5 ./Libraries/FreeRTOS/tasks.o
 *fill*         0x08004a9d        0x3 
 .rodata        0x08004aa0        0xd ./Libraries/FreeRTOS/timers.o
 *fill*         0x08004aad        0x3 
 .rodata        0x08004ab0        0x9 ./application/app_config/app_system.o
 *(.rodata*)
 *fill*         0x08004ab9        0x3 
 .rodata.AHBPrescTable
                0x08004abc       0x10 ./Core/Src/system_stm32u5xx.o
                0x08004abc                AHBPrescTable
 .rodata.APBPrescTable
                0x08004acc        0x8 ./Core/Src/system_stm32u5xx.o
                0x08004acc                APBPrescTable
 .rodata.MSIRangeTable
                0x08004ad4       0x40 ./Core/Src/system_stm32u5xx.o
                0x08004ad4                MSIRangeTable

.ARM.extab
 *(.ARM.extab* .gnu.linkonce.armextab.*)

.ARM            0x08004b14        0x0
                0x08004b14                        __exidx_start = .
 *(.ARM.exidx*)
                0x08004b14                        __exidx_end = .

.preinit_array  0x08004b14        0x0
                0x08004b14                        PROVIDE (__preinit_array_start = .)
 *(.preinit_array*)
                0x08004b14                        PROVIDE (__preinit_array_end = .)

.init_array     0x08004b14        0x4
                0x08004b14                        PROVIDE (__init_array_start = .)
 *(SORT_BY_NAME(.init_array.*))
 *(.init_array*)
 .init_array    0x08004b14        0x4 C:/ST/STM32CubeIDE_1.15.1/STM32CubeIDE/plugins/com.st.stm32cube.ide.mcu.externaltools.gnu-tools-for-stm32.12.3.rel1.win32_1.0.100.202403111256/tools/bin/../lib/gcc/arm-none-eabi/12.3.1/thumb/v8-m.main+fp/hard/crtbegin.o
                0x08004b18                        PROVIDE (__init_array_end = .)

.fini_array     0x08004b18        0x4
                [!provide]                        PROVIDE (__fini_array_start = .)
 *(SORT_BY_NAME(.fini_array.*))
 *(.fini_array*)
 .fini_array    0x08004b18        0x4 C:/ST/STM32CubeIDE_1.15.1/STM32CubeIDE/plugins/com.st.stm32cube.ide.mcu.externaltools.gnu-tools-for-stm32.12.3.rel1.win32_1.0.100.202403111256/tools/bin/../lib/gcc/arm-none-eabi/12.3.1/thumb/v8-m.main+fp/hard/crtbegin.o
                [!provide]                        PROVIDE (__fini_array_end = .)
                0x08004b1c                        _sidata = LOADADDR (.data)

.rel.dyn        0x08004b1c        0x0
 .rel.iplt      0x08004b1c        0x0 C:/ST/STM32CubeIDE_1.15.1/STM32CubeIDE/plugins/com.st.stm32cube.ide.mcu.externaltools.gnu-tools-for-stm32.12.3.rel1.win32_1.0.100.202403111256/tools/bin/../lib/gcc/arm-none-eabi/12.3.1/thumb/v8-m.main+fp/hard/crtbegin.o

.data           0x20000000       0x14 load address 0x08004b1c
                0x20000000                        _sdata = .
 *(.data)
 *(.data*)
 .data.SystemCoreClock
                0x20000000        0x4 ./Core/Src/system_stm32u5xx.o
                0x20000000                SystemCoreClock
 .data.uwTickPrio
                0x20000004        0x4 ./Drivers/STM32U5xx_HAL_Driver/Src/stm32u5xx_hal.o
                0x20000004                uwTickPrio
 .data.uwTickFreq
                0x20000008        0x1 ./Drivers/STM32U5xx_HAL_Driver/Src/stm32u5xx_hal.o
                0x20000008                uwTickFreq
 *fill*         0x20000009        0x3 
 .data.uxTopUsedPriority
                0x2000000c        0x4 ./Libraries/FreeRTOS/tasks.o
 .data.ulCriticalNesting
                0x20000010        0x4 ./Libraries/FreeRTOS/portable/GCC/ARM_CM33_NTZ/non_secure/port.o
 *(.RamFunc)
 *(.RamFunc*)
                0x20000014                        _edata = .

.igot.plt       0x20000014        0x0 load address 0x08004b30
 .igot.plt      0x20000014        0x0 C:/ST/STM32CubeIDE_1.15.1/STM32CubeIDE/plugins/com.st.stm32cube.ide.mcu.externaltools.gnu-tools-for-stm32.12.3.rel1.win32_1.0.100.202403111256/tools/bin/../lib/gcc/arm-none-eabi/12.3.1/thumb/v8-m.main+fp/hard/crtbegin.o

.bss            0x20000014     0x1ff0 load address 0x08004b30
                0x20000014                        _sbss = .
                0x20000014                        __bss_start__ = _sbss
 *(.bss)
 .bss           0x20000014       0x1c C:/ST/STM32CubeIDE_1.15.1/STM32CubeIDE/plugins/com.st.stm32cube.ide.mcu.externaltools.gnu-tools-for-stm32.12.3.rel1.win32_1.0.100.202403111256/tools/bin/../lib/gcc/arm-none-eabi/12.3.1/thumb/v8-m.main+fp/hard/crtbegin.o
 *(.bss*)
 .bss.htim7     0x20000030       0x4c ./Core/Src/stm32u5xx_hal_timebase_tim.o
                0x20000030                htim7
 .bss.uwTick    0x2000007c        0x4 ./Drivers/STM32U5xx_HAL_Driver/Src/stm32u5xx_hal.o
                0x2000007c                uwTick
 .bss.xQueueRegistry
                0x20000080       0x40 ./Libraries/FreeRTOS/queue.o
                0x20000080                xQueueRegistry
 .bss.pxCurrentTCB
                0x200000c0        0x4 ./Libraries/FreeRTOS/tasks.o
                0x200000c0                pxCurrentTCB
 .bss.pxReadyTasksLists
                0x200000c4       0x64 ./Libraries/FreeRTOS/tasks.o
 .bss.xDelayedTaskList1
                0x20000128       0x14 ./Libraries/FreeRTOS/tasks.o
 .bss.xDelayedTaskList2
                0x2000013c       0x14 ./Libraries/FreeRTOS/tasks.o
 .bss.pxDelayedTaskList
                0x20000150        0x4 ./Libraries/FreeRTOS/tasks.o
 .bss.pxOverflowDelayedTaskList
                0x20000154        0x4 ./Libraries/FreeRTOS/tasks.o
 .bss.xPendingReadyList
                0x20000158       0x14 ./Libraries/FreeRTOS/tasks.o
 .bss.xTasksWaitingTermination
                0x2000016c       0x14 ./Libraries/FreeRTOS/tasks.o
 .bss.uxDeletedTasksWaitingCleanUp
                0x20000180        0x4 ./Libraries/FreeRTOS/tasks.o
 .bss.xSuspendedTaskList
                0x20000184       0x14 ./Libraries/FreeRTOS/tasks.o
 .bss.uxCurrentNumberOfTasks
                0x20000198        0x4 ./Libraries/FreeRTOS/tasks.o
 .bss.xTickCount
                0x2000019c        0x4 ./Libraries/FreeRTOS/tasks.o
 .bss.uxTopReadyPriority
                0x200001a0        0x4 ./Libraries/FreeRTOS/tasks.o
 .bss.xSchedulerRunning
                0x200001a4        0x4 ./Libraries/FreeRTOS/tasks.o
 .bss.xPendedTicks
                0x200001a8        0x4 ./Libraries/FreeRTOS/tasks.o
 .bss.xYieldPendings
                0x200001ac        0x4 ./Libraries/FreeRTOS/tasks.o
 .bss.xNumOfOverflows
                0x200001b0        0x4 ./Libraries/FreeRTOS/tasks.o
 .bss.uxTaskNumber
                0x200001b4        0x4 ./Libraries/FreeRTOS/tasks.o
 .bss.xNextTaskUnblockTime
                0x200001b8        0x4 ./Libraries/FreeRTOS/tasks.o
 .bss.xIdleTaskHandles
                0x200001bc        0x4 ./Libraries/FreeRTOS/tasks.o
 .bss.uxSchedulerSuspended
                0x200001c0        0x4 ./Libraries/FreeRTOS/tasks.o
 .bss.xActiveTimerList1
                0x200001c4       0x14 ./Libraries/FreeRTOS/timers.o
 .bss.xActiveTimerList2
                0x200001d8       0x14 ./Libraries/FreeRTOS/timers.o
 .bss.pxCurrentTimerList
                0x200001ec        0x4 ./Libraries/FreeRTOS/timers.o
 .bss.pxOverflowTimerList
                0x200001f0        0x4 ./Libraries/FreeRTOS/timers.o
 .bss.xTimerQueue
                0x200001f4        0x4 ./Libraries/FreeRTOS/timers.o
 .bss.xTimerTaskHandle
                0x200001f8        0x4 ./Libraries/FreeRTOS/timers.o
 .bss.xLastTime.2
                0x200001fc        0x4 ./Libraries/FreeRTOS/timers.o
 .bss.ucStaticTimerQueueStorage.1
                0x20000200       0x78 ./Libraries/FreeRTOS/timers.o
 .bss.xStaticTimerQueue.0
                0x20000278       0x54 ./Libraries/FreeRTOS/timers.o
 .bss.ucMaxSysCallPriority
                0x200002cc        0x1 ./Libraries/FreeRTOS/portable/GCC/ARM_CM33_NTZ/non_secure/port.o
 *fill*         0x200002cd        0x3 
 .bss.ulMaxPRIGROUPValue
                0x200002d0        0x4 ./Libraries/FreeRTOS/portable/GCC/ARM_CM33_NTZ/non_secure/port.o
 .bss.sys_task  0x200002d4        0x4 ./application/app_config/app_system.o
                0x200002d4                sys_task
 .bss.sys_task_buffer
                0x200002d8       0x64 ./application/app_config/app_system.o
                0x200002d8                sys_task_buffer
 .bss.sys_task_stack
                0x2000033c     0x1000 ./application/app_config/app_system.o
                0x2000033c                sys_task_stack
 .bss.xIdleTaskTCB.3
                0x2000133c       0x64 ./application/app_config/app_system.o
 .bss.uxIdleTaskStack.2
                0x200013a0      0x400 ./application/app_config/app_system.o
 .bss.xTimerTaskTCB.1
                0x200017a0       0x64 ./application/app_config/app_system.o
 .bss.uxTimerTaskStack.0
                0x20001804      0x800 ./application/app_config/app_system.o
 *(COMMON)
                0x20002004                        _ebss = .
                0x20002004                        __bss_end__ = _ebss

._user_heap_stack
                0x20002004      0x604 load address 0x08004b30
                0x20002008                        . = ALIGN (0x8)
 *fill*         0x20002004        0x4 
                [!provide]                        PROVIDE (end = .)
                0x20002008                        PROVIDE (_end = .)
                0x20002208                        . = (. + _Min_Heap_Size)
 *fill*         0x20002008      0x200 
                0x20002608                        . = (. + _Min_Stack_Size)
 *fill*         0x20002208      0x400 
                0x20002608                        . = ALIGN (0x8)

/DISCARD/
 libc.a(*)
 libm.a(*)
 libgcc.a(*)

.ARM.attributes
                0x00000000       0x36
 *(.ARM.attributes)
 .ARM.attributes
                0x00000000       0x26 C:/ST/STM32CubeIDE_1.15.1/STM32CubeIDE/plugins/com.st.stm32cube.ide.mcu.externaltools.gnu-tools-for-stm32.12.3.rel1.win32_1.0.100.202403111256/tools/bin/../lib/gcc/arm-none-eabi/12.3.1/thumb/v8-m.main+fp/hard/crti.o
 .ARM.attributes
                0x00000026       0x38 C:/ST/STM32CubeIDE_1.15.1/STM32CubeIDE/plugins/com.st.stm32cube.ide.mcu.externaltools.gnu-tools-for-stm32.12.3.rel1.win32_1.0.100.202403111256/tools/bin/../lib/gcc/arm-none-eabi/12.3.1/thumb/v8-m.main+fp/hard/crtbegin.o
 .ARM.attributes
                0x0000005e       0x3a ./Core/Src/icache.o
 .ARM.attributes
                0x00000098       0x3a ./Core/Src/main.o
 .ARM.attributes
                0x000000d2       0x3a ./Core/Src/stm32u5xx_hal_msp.o
 .ARM.attributes
                0x0000010c       0x3a ./Core/Src/stm32u5xx_hal_timebase_tim.o
 .ARM.attributes
                0x00000146       0x3a ./Core/Src/stm32u5xx_it.o
 .ARM.attributes
                0x00000180       0x3a ./Core/Src/system_stm32u5xx.o
 .ARM.attributes
                0x000001ba       0x24 ./Core/Startup/startup_stm32u575qiix.o
 .ARM.attributes
                0x000001de       0x3a ./Drivers/STM32U5xx_HAL_Driver/Src/stm32u5xx_hal.o
 .ARM.attributes
                0x00000218       0x3a ./Drivers/STM32U5xx_HAL_Driver/Src/stm32u5xx_hal_cortex.o
 .ARM.attributes
                0x00000252       0x3a ./Drivers/STM32U5xx_HAL_Driver/Src/stm32u5xx_hal_icache.o
 .ARM.attributes
                0x0000028c       0x3a ./Drivers/STM32U5xx_HAL_Driver/Src/stm32u5xx_hal_pwr_ex.o
 .ARM.attributes
                0x000002c6       0x3a ./Drivers/STM32U5xx_HAL_Driver/Src/stm32u5xx_hal_rcc.o
 .ARM.attributes
                0x00000300       0x3a ./Drivers/STM32U5xx_HAL_Driver/Src/stm32u5xx_hal_tim.o
 .ARM.attributes
                0x0000033a       0x3a ./Drivers/STM32U5xx_HAL_Driver/Src/stm32u5xx_hal_tim_ex.o
 .ARM.attributes
                0x00000374       0x3a ./Libraries/FreeRTOS/list.o
 .ARM.attributes
                0x000003ae       0x3a ./Libraries/FreeRTOS/queue.o
 .ARM.attributes
                0x000003e8       0x3a ./Libraries/FreeRTOS/tasks.o
 .ARM.attributes
                0x00000422       0x3a ./Libraries/FreeRTOS/timers.o
 .ARM.attributes
                0x0000045c       0x3a ./Libraries/FreeRTOS/portable/GCC/ARM_CM33_NTZ/non_secure/port.o
 .ARM.attributes
                0x00000496       0x3a ./Libraries/FreeRTOS/portable/GCC/ARM_CM33_NTZ/non_secure/portasm.o
 .ARM.attributes
                0x000004d0       0x3a ./application/app_config/app_system.o
 .ARM.attributes
                0x0000050a       0x38 C:/ST/STM32CubeIDE_1.15.1/STM32CubeIDE/plugins/com.st.stm32cube.ide.mcu.externaltools.gnu-tools-for-stm32.12.3.rel1.win32_1.0.100.202403111256/tools/bin/../lib/gcc/arm-none-eabi/12.3.1/../../../../arm-none-eabi/lib/thumb/v8-m.main+fp/hard\libc_nano.a(libc_a-memset.o)
 .ARM.attributes
                0x00000542       0x38 C:/ST/STM32CubeIDE_1.15.1/STM32CubeIDE/plugins/com.st.stm32cube.ide.mcu.externaltools.gnu-tools-for-stm32.12.3.rel1.win32_1.0.100.202403111256/tools/bin/../lib/gcc/arm-none-eabi/12.3.1/../../../../arm-none-eabi/lib/thumb/v8-m.main+fp/hard\libc_nano.a(libc_a-init.o)
 .ARM.attributes
                0x0000057a       0x38 C:/ST/STM32CubeIDE_1.15.1/STM32CubeIDE/plugins/com.st.stm32cube.ide.mcu.externaltools.gnu-tools-for-stm32.12.3.rel1.win32_1.0.100.202403111256/tools/bin/../lib/gcc/arm-none-eabi/12.3.1/../../../../arm-none-eabi/lib/thumb/v8-m.main+fp/hard\libc_nano.a(libc_a-memcpy-stub.o)
 .ARM.attributes
                0x000005b2       0x26 C:/ST/STM32CubeIDE_1.15.1/STM32CubeIDE/plugins/com.st.stm32cube.ide.mcu.externaltools.gnu-tools-for-stm32.12.3.rel1.win32_1.0.100.202403111256/tools/bin/../lib/gcc/arm-none-eabi/12.3.1/thumb/v8-m.main+fp/hard/crtn.o
OUTPUT(FreeRTOS_Template.elf elf32-littlearm)
LOAD linker stubs
LOAD C:/ST/STM32CubeIDE_1.15.1/STM32CubeIDE/plugins/com.st.stm32cube.ide.mcu.externaltools.gnu-tools-for-stm32.12.3.rel1.win32_1.0.100.202403111256/tools/bin/../lib/gcc/arm-none-eabi/12.3.1/../../../../arm-none-eabi/lib/thumb/v8-m.main+fp/hard\libc.a
LOAD C:/ST/STM32CubeIDE_1.15.1/STM32CubeIDE/plugins/com.st.stm32cube.ide.mcu.externaltools.gnu-tools-for-stm32.12.3.rel1.win32_1.0.100.202403111256/tools/bin/../lib/gcc/arm-none-eabi/12.3.1/../../../../arm-none-eabi/lib/thumb/v8-m.main+fp/hard\libm.a
LOAD C:/ST/STM32CubeIDE_1.15.1/STM32CubeIDE/plugins/com.st.stm32cube.ide.mcu.externaltools.gnu-tools-for-stm32.12.3.rel1.win32_1.0.100.202403111256/tools/bin/../lib/gcc/arm-none-eabi/12.3.1/thumb/v8-m.main+fp/hard\libgcc.a

.debug_info     0x00000000    0x12af4
 .debug_info    0x00000000      0x114 ./Core/Src/icache.o
 .debug_info    0x00000114      0xbfd ./Core/Src/main.o
 .debug_info    0x00000d11      0x40c ./Core/Src/stm32u5xx_hal_msp.o
 .debug_info    0x0000111d     0x116b ./Core/Src/stm32u5xx_hal_timebase_tim.o
 .debug_info    0x00002288      0x946 ./Core/Src/stm32u5xx_it.o
 .debug_info    0x00002bce      0x929 ./Core/Src/system_stm32u5xx.o
 .debug_info    0x000034f7       0x30 ./Core/Startup/startup_stm32u575qiix.o
 .debug_info    0x00003527     0x11dd ./Drivers/STM32U5xx_HAL_Driver/Src/stm32u5xx_hal.o
 .debug_info    0x00004704     0x163a ./Drivers/STM32U5xx_HAL_Driver/Src/stm32u5xx_hal_cortex.o
 .debug_info    0x00005d3e      0x4d6 ./Drivers/STM32U5xx_HAL_Driver/Src/stm32u5xx_hal_icache.o
 .debug_info    0x00006214      0xe3e ./Drivers/STM32U5xx_HAL_Driver/Src/stm32u5xx_hal_pwr_ex.o
 .debug_info    0x00007052     0x11f0 ./Drivers/STM32U5xx_HAL_Driver/Src/stm32u5xx_hal_rcc.o
 .debug_info    0x00008242     0x2e54 ./Drivers/STM32U5xx_HAL_Driver/Src/stm32u5xx_hal_tim.o
 .debug_info    0x0000b096     0x22e0 ./Drivers/STM32U5xx_HAL_Driver/Src/stm32u5xx_hal_tim_ex.o
 .debug_info    0x0000d376      0x2aa ./Libraries/FreeRTOS/list.o
 .debug_info    0x0000d620     0x16bd ./Libraries/FreeRTOS/queue.o
 .debug_info    0x0000ecdd     0x22e6 ./Libraries/FreeRTOS/tasks.o
 .debug_info    0x00010fc3     0x1194 ./Libraries/FreeRTOS/timers.o
 .debug_info    0x00012157      0x3e8 ./Libraries/FreeRTOS/portable/GCC/ARM_CM33_NTZ/non_secure/port.o
 .debug_info    0x0001253f      0x151 ./Libraries/FreeRTOS/portable/GCC/ARM_CM33_NTZ/non_secure/portasm.o
 .debug_info    0x00012690      0x464 ./application/app_config/app_system.o

.debug_abbrev   0x00000000     0x2aaa
 .debug_abbrev  0x00000000       0xb6 ./Core/Src/icache.o
 .debug_abbrev  0x000000b6      0x26e ./Core/Src/main.o
 .debug_abbrev  0x00000324       0xde ./Core/Src/stm32u5xx_hal_msp.o
 .debug_abbrev  0x00000402      0x241 ./Core/Src/stm32u5xx_hal_timebase_tim.o
 .debug_abbrev  0x00000643      0x1af ./Core/Src/stm32u5xx_it.o
 .debug_abbrev  0x000007f2      0x129 ./Core/Src/system_stm32u5xx.o
 .debug_abbrev  0x0000091b       0x24 ./Core/Startup/startup_stm32u575qiix.o
 .debug_abbrev  0x0000093f      0x2ba ./Drivers/STM32U5xx_HAL_Driver/Src/stm32u5xx_hal.o
 .debug_abbrev  0x00000bf9      0x311 ./Drivers/STM32U5xx_HAL_Driver/Src/stm32u5xx_hal_cortex.o
 .debug_abbrev  0x00000f0a      0x228 ./Drivers/STM32U5xx_HAL_Driver/Src/stm32u5xx_hal_icache.o
 .debug_abbrev  0x00001132      0x215 ./Drivers/STM32U5xx_HAL_Driver/Src/stm32u5xx_hal_pwr_ex.o
 .debug_abbrev  0x00001347      0x2cb ./Drivers/STM32U5xx_HAL_Driver/Src/stm32u5xx_hal_rcc.o
 .debug_abbrev  0x00001612      0x2bd ./Drivers/STM32U5xx_HAL_Driver/Src/stm32u5xx_hal_tim.o
 .debug_abbrev  0x000018cf      0x2d6 ./Drivers/STM32U5xx_HAL_Driver/Src/stm32u5xx_hal_tim_ex.o
 .debug_abbrev  0x00001ba5       0xee ./Libraries/FreeRTOS/list.o
 .debug_abbrev  0x00001c93      0x323 ./Libraries/FreeRTOS/queue.o
 .debug_abbrev  0x00001fb6      0x396 ./Libraries/FreeRTOS/tasks.o
 .debug_abbrev  0x0000234c      0x312 ./Libraries/FreeRTOS/timers.o
 .debug_abbrev  0x0000265e      0x1c8 ./Libraries/FreeRTOS/portable/GCC/ARM_CM33_NTZ/non_secure/port.o
 .debug_abbrev  0x00002826       0xb8 ./Libraries/FreeRTOS/portable/GCC/ARM_CM33_NTZ/non_secure/portasm.o
 .debug_abbrev  0x000028de      0x1cc ./application/app_config/app_system.o

.debug_aranges  0x00000000     0x1368
 .debug_aranges
                0x00000000       0x20 ./Core/Src/icache.o
 .debug_aranges
                0x00000020       0x38 ./Core/Src/main.o
 .debug_aranges
                0x00000058       0x20 ./Core/Src/stm32u5xx_hal_msp.o
 .debug_aranges
                0x00000078       0x30 ./Core/Src/stm32u5xx_hal_timebase_tim.o
 .debug_aranges
                0x000000a8       0x50 ./Core/Src/stm32u5xx_it.o
 .debug_aranges
                0x000000f8       0x28 ./Core/Src/system_stm32u5xx.o
 .debug_aranges
                0x00000120       0x28 ./Core/Startup/startup_stm32u575qiix.o
 .debug_aranges
                0x00000148      0x148 ./Drivers/STM32U5xx_HAL_Driver/Src/stm32u5xx_hal.o
 .debug_aranges
                0x00000290      0x140 ./Drivers/STM32U5xx_HAL_Driver/Src/stm32u5xx_hal_cortex.o
 .debug_aranges
                0x000003d0       0xa8 ./Drivers/STM32U5xx_HAL_Driver/Src/stm32u5xx_hal_icache.o
 .debug_aranges
                0x00000478      0x200 ./Drivers/STM32U5xx_HAL_Driver/Src/stm32u5xx_hal_pwr_ex.o
 .debug_aranges
                0x00000678       0xa8 ./Drivers/STM32U5xx_HAL_Driver/Src/stm32u5xx_hal_rcc.o
 .debug_aranges
                0x00000720      0x3e8 ./Drivers/STM32U5xx_HAL_Driver/Src/stm32u5xx_hal_tim.o
 .debug_aranges
                0x00000b08      0x250 ./Drivers/STM32U5xx_HAL_Driver/Src/stm32u5xx_hal_tim_ex.o
 .debug_aranges
                0x00000d58       0x40 ./Libraries/FreeRTOS/list.o
 .debug_aranges
                0x00000d98      0x170 ./Libraries/FreeRTOS/queue.o
 .debug_aranges
                0x00000f08      0x240 ./Libraries/FreeRTOS/tasks.o
 .debug_aranges
                0x00001148      0x100 ./Libraries/FreeRTOS/timers.o
 .debug_aranges
                0x00001248       0x78 ./Libraries/FreeRTOS/portable/GCC/ARM_CM33_NTZ/non_secure/port.o
 .debug_aranges
                0x000012c0       0x60 ./Libraries/FreeRTOS/portable/GCC/ARM_CM33_NTZ/non_secure/portasm.o
 .debug_aranges
                0x00001320       0x48 ./application/app_config/app_system.o

.debug_rnglists
                0x00000000      0xee6
 .debug_rnglists
                0x00000000       0x13 ./Core/Src/icache.o
 .debug_rnglists
                0x00000013       0x26 ./Core/Src/main.o
 .debug_rnglists
                0x00000039       0x13 ./Core/Src/stm32u5xx_hal_msp.o
 .debug_rnglists
                0x0000004c       0x20 ./Core/Src/stm32u5xx_hal_timebase_tim.o
 .debug_rnglists
                0x0000006c       0x37 ./Core/Src/stm32u5xx_it.o
 .debug_rnglists
                0x000000a3       0x1a ./Core/Src/system_stm32u5xx.o
 .debug_rnglists
                0x000000bd       0x19 ./Core/Startup/startup_stm32u575qiix.o
 .debug_rnglists
                0x000000d6       0xf3 ./Drivers/STM32U5xx_HAL_Driver/Src/stm32u5xx_hal.o
 .debug_rnglists
                0x000001c9       0xec ./Drivers/STM32U5xx_HAL_Driver/Src/stm32u5xx_hal_cortex.o
 .debug_rnglists
                0x000002b5       0x7a ./Drivers/STM32U5xx_HAL_Driver/Src/stm32u5xx_hal_icache.o
 .debug_rnglists
                0x0000032f      0x186 ./Drivers/STM32U5xx_HAL_Driver/Src/stm32u5xx_hal_pwr_ex.o
 .debug_rnglists
                0x000004b5       0x7f ./Drivers/STM32U5xx_HAL_Driver/Src/stm32u5xx_hal_rcc.o
 .debug_rnglists
                0x00000534      0x32e ./Drivers/STM32U5xx_HAL_Driver/Src/stm32u5xx_hal_tim.o
 .debug_rnglists
                0x00000862      0x1d7 ./Drivers/STM32U5xx_HAL_Driver/Src/stm32u5xx_hal_tim_ex.o
 .debug_rnglists
                0x00000a39       0x2b ./Libraries/FreeRTOS/list.o
 .debug_rnglists
                0x00000a64      0x11d ./Libraries/FreeRTOS/queue.o
 .debug_rnglists
                0x00000b81      0x1d9 ./Libraries/FreeRTOS/tasks.o
 .debug_rnglists
                0x00000d5a       0xc1 ./Libraries/FreeRTOS/timers.o
 .debug_rnglists
                0x00000e1b       0x57 ./Libraries/FreeRTOS/portable/GCC/ARM_CM33_NTZ/non_secure/port.o
 .debug_rnglists
                0x00000e72       0x43 ./Libraries/FreeRTOS/portable/GCC/ARM_CM33_NTZ/non_secure/portasm.o
 .debug_rnglists
                0x00000eb5       0x31 ./application/app_config/app_system.o

.debug_macro    0x00000000    0x31c07
 .debug_macro   0x00000000      0x277 ./Core/Src/icache.o
 .debug_macro   0x00000277      0xaba ./Core/Src/icache.o
 .debug_macro   0x00000d31      0x1e6 ./Core/Src/icache.o
 .debug_macro   0x00000f17       0x2e ./Core/Src/icache.o
 .debug_macro   0x00000f45       0x42 ./Core/Src/icache.o
 .debug_macro   0x00000f87       0x22 ./Core/Src/icache.o
 .debug_macro   0x00000fa9       0x8e ./Core/Src/icache.o
 .debug_macro   0x00001037       0x51 ./Core/Src/icache.o
 .debug_macro   0x00001088      0x103 ./Core/Src/icache.o
 .debug_macro   0x0000118b       0x6a ./Core/Src/icache.o
 .debug_macro   0x000011f5      0x1df ./Core/Src/icache.o
 .debug_macro   0x000013d4       0x1c ./Core/Src/icache.o
 .debug_macro   0x000013f0       0x29 ./Core/Src/icache.o
 .debug_macro   0x00001419       0xfb ./Core/Src/icache.o
 .debug_macro   0x00001514     0x1685 ./Core/Src/icache.o
 .debug_macro   0x00002b99       0x5e ./Core/Src/icache.o
 .debug_macro   0x00002bf7    0x223f5 ./Core/Src/icache.o
 .debug_macro   0x00024fec       0x6d ./Core/Src/icache.o
 .debug_macro   0x00025059     0x3873 ./Core/Src/icache.o
 .debug_macro   0x000288cc      0x189 ./Core/Src/icache.o
 .debug_macro   0x00028a55       0x61 ./Core/Src/icache.o
 .debug_macro   0x00028ab6       0x2a ./Core/Src/icache.o
 .debug_macro   0x00028ae0       0x43 ./Core/Src/icache.o
 .debug_macro   0x00028b23       0x34 ./Core/Src/icache.o
 .debug_macro   0x00028b57       0x16 ./Core/Src/icache.o
 .debug_macro   0x00028b6d       0x43 ./Core/Src/icache.o
 .debug_macro   0x00028bb0       0x34 ./Core/Src/icache.o
 .debug_macro   0x00028be4       0x10 ./Core/Src/icache.o
 .debug_macro   0x00028bf4       0x58 ./Core/Src/icache.o
 .debug_macro   0x00028c4c       0x8e ./Core/Src/icache.o
 .debug_macro   0x00028cda       0x1c ./Core/Src/icache.o
 .debug_macro   0x00028cf6      0x177 ./Core/Src/icache.o
 .debug_macro   0x00028e6d      0x369 ./Core/Src/icache.o
 .debug_macro   0x000291d6      0x19b ./Core/Src/icache.o
 .debug_macro   0x00029371       0x5d ./Core/Src/icache.o
 .debug_macro   0x000293ce     0x1ae5 ./Core/Src/icache.o
 .debug_macro   0x0002aeb3      0x7dc ./Core/Src/icache.o
 .debug_macro   0x0002b68f      0x166 ./Core/Src/icache.o
 .debug_macro   0x0002b7f5      0x2aa ./Core/Src/icache.o
 .debug_macro   0x0002ba9f       0xc9 ./Core/Src/icache.o
 .debug_macro   0x0002bb68      0x5a5 ./Core/Src/icache.o
 .debug_macro   0x0002c10d      0x439 ./Core/Src/icache.o
 .debug_macro   0x0002c546       0xd6 ./Core/Src/icache.o
 .debug_macro   0x0002c61c      0x1cd ./Core/Src/icache.o
 .debug_macro   0x0002c7e9      0x432 ./Core/Src/icache.o
 .debug_macro   0x0002cc1b       0x95 ./Core/Src/icache.o
 .debug_macro   0x0002ccb0      0x11c ./Core/Src/icache.o
 .debug_macro   0x0002cdcc      0x525 ./Core/Src/icache.o
 .debug_macro   0x0002d2f1      0x4bf ./Core/Src/icache.o
 .debug_macro   0x0002d7b0      0xbcc ./Core/Src/icache.o
 .debug_macro   0x0002e37c      0x4ea ./Core/Src/icache.o
 .debug_macro   0x0002e866      0x1c0 ./Core/Src/icache.o
 .debug_macro   0x0002ea26      0x361 ./Core/Src/icache.o
 .debug_macro   0x0002ed87      0x28f ./Core/Src/main.o
 .debug_macro   0x0002f016      0x26d ./Core/Src/stm32u5xx_hal_msp.o
 .debug_macro   0x0002f283      0x263 ./Core/Src/stm32u5xx_hal_timebase_tim.o
 .debug_macro   0x0002f4e6      0x277 ./Core/Src/stm32u5xx_it.o
 .debug_macro   0x0002f75d      0x26a ./Core/Src/system_stm32u5xx.o
 .debug_macro   0x0002f9c7      0x287 ./Drivers/STM32U5xx_HAL_Driver/Src/stm32u5xx_hal.o
 .debug_macro   0x0002fc4e      0x263 ./Drivers/STM32U5xx_HAL_Driver/Src/stm32u5xx_hal_cortex.o
 .debug_macro   0x0002feb1      0x295 ./Drivers/STM32U5xx_HAL_Driver/Src/stm32u5xx_hal_icache.o
 .debug_macro   0x00030146      0x28e ./Drivers/STM32U5xx_HAL_Driver/Src/stm32u5xx_hal_pwr_ex.o
 .debug_macro   0x000303d4      0x369 ./Drivers/STM32U5xx_HAL_Driver/Src/stm32u5xx_hal_rcc.o
 .debug_macro   0x0003073d      0x26b ./Drivers/STM32U5xx_HAL_Driver/Src/stm32u5xx_hal_tim.o
 .debug_macro   0x000309a8      0x269 ./Drivers/STM32U5xx_HAL_Driver/Src/stm32u5xx_hal_tim_ex.o
 .debug_macro   0x00030c11      0x1b0 ./Libraries/FreeRTOS/list.o
 .debug_macro   0x00030dc1      0x247 ./Libraries/FreeRTOS/queue.o
 .debug_macro   0x00031008       0x16 ./Libraries/FreeRTOS/queue.o
 .debug_macro   0x0003101e       0x20 ./Libraries/FreeRTOS/queue.o
 .debug_macro   0x0003103e       0x87 ./Libraries/FreeRTOS/queue.o
 .debug_macro   0x000310c5      0x2cd ./Libraries/FreeRTOS/tasks.o
 .debug_macro   0x00031392       0x17 ./Libraries/FreeRTOS/tasks.o
 .debug_macro   0x000313a9      0x1ff ./Libraries/FreeRTOS/timers.o
 .debug_macro   0x000315a8       0x9e ./Libraries/FreeRTOS/timers.o
 .debug_macro   0x00031646      0x3d2 ./Libraries/FreeRTOS/portable/GCC/ARM_CM33_NTZ/non_secure/port.o
 .debug_macro   0x00031a18       0xf8 ./Libraries/FreeRTOS/portable/GCC/ARM_CM33_NTZ/non_secure/portasm.o
 .debug_macro   0x00031b10       0xf7 ./application/app_config/app_system.o

.debug_line     0x00000000    0x15179
 .debug_line    0x00000000      0x87c ./Core/Src/icache.o
 .debug_line    0x0000087c      0x981 ./Core/Src/main.o
 .debug_line    0x000011fd      0x86a ./Core/Src/stm32u5xx_hal_msp.o
 .debug_line    0x00001a67      0x8d6 ./Core/Src/stm32u5xx_hal_timebase_tim.o
 .debug_line    0x0000233d      0x908 ./Core/Src/stm32u5xx_it.o
 .debug_line    0x00002c45      0x96d ./Core/Src/system_stm32u5xx.o
 .debug_line    0x000035b2       0x79 ./Core/Startup/startup_stm32u575qiix.o
 .debug_line    0x0000362b      0xcea ./Drivers/STM32U5xx_HAL_Driver/Src/stm32u5xx_hal.o
 .debug_line    0x00004315      0xedc ./Drivers/STM32U5xx_HAL_Driver/Src/stm32u5xx_hal_cortex.o
 .debug_line    0x000051f1      0xb51 ./Drivers/STM32U5xx_HAL_Driver/Src/stm32u5xx_hal_icache.o
 .debug_line    0x00005d42     0x11e5 ./Drivers/STM32U5xx_HAL_Driver/Src/stm32u5xx_hal_pwr_ex.o
 .debug_line    0x00006f27     0x1595 ./Drivers/STM32U5xx_HAL_Driver/Src/stm32u5xx_hal_rcc.o
 .debug_line    0x000084bc     0x45e7 ./Drivers/STM32U5xx_HAL_Driver/Src/stm32u5xx_hal_tim.o
 .debug_line    0x0000caa3     0x23df ./Drivers/STM32U5xx_HAL_Driver/Src/stm32u5xx_hal_tim_ex.o
 .debug_line    0x0000ee82      0x847 ./Libraries/FreeRTOS/list.o
 .debug_line    0x0000f6c9     0x16b1 ./Libraries/FreeRTOS/queue.o
 .debug_line    0x00010d7a     0x1f63 ./Libraries/FreeRTOS/tasks.o
 .debug_line    0x00012cdd      0xd9e ./Libraries/FreeRTOS/timers.o
 .debug_line    0x00013a7b      0x90b ./Libraries/FreeRTOS/portable/GCC/ARM_CM33_NTZ/non_secure/port.o
 .debug_line    0x00014386      0x6fb ./Libraries/FreeRTOS/portable/GCC/ARM_CM33_NTZ/non_secure/portasm.o
 .debug_line    0x00014a81      0x6f8 ./application/app_config/app_system.o

.debug_str      0x00000000   0x148b2c
 .debug_str     0x00000000   0x131d01 ./Core/Src/icache.o
                             0x132777 (size before relaxing)
 .debug_str     0x00131d01      0x884 ./Core/Src/main.o
                             0x1330bd (size before relaxing)
 .debug_str     0x00132585      0x231 ./Core/Src/stm32u5xx_hal_msp.o
                             0x132932 (size before relaxing)
 .debug_str     0x001327b6      0x7fd ./Core/Src/stm32u5xx_hal_timebase_tim.o
                             0x133876 (size before relaxing)
 .debug_str     0x00132fb3       0xb5 ./Core/Src/stm32u5xx_it.o
                             0x132e5b (size before relaxing)
 .debug_str     0x00133068      0x1c9 ./Core/Src/system_stm32u5xx.o
                             0x132ad5 (size before relaxing)
 .debug_str     0x00133231       0x44 ./Core/Startup/startup_stm32u575qiix.o
                                 0x85 (size before relaxing)
 .debug_str     0x00133275      0x7a5 ./Drivers/STM32U5xx_HAL_Driver/Src/stm32u5xx_hal.o
                             0x133952 (size before relaxing)
 .debug_str     0x00133a1a      0x3ef ./Drivers/STM32U5xx_HAL_Driver/Src/stm32u5xx_hal_cortex.o
                             0x13371a (size before relaxing)
 .debug_str     0x00133e09      0x673 ./Drivers/STM32U5xx_HAL_Driver/Src/stm32u5xx_hal_icache.o
                             0x132df7 (size before relaxing)
 .debug_str     0x0013447c      0x89c ./Drivers/STM32U5xx_HAL_Driver/Src/stm32u5xx_hal_pwr_ex.o
                             0x133215 (size before relaxing)
 .debug_str     0x00134d18     0x133d ./Drivers/STM32U5xx_HAL_Driver/Src/stm32u5xx_hal_rcc.o
                             0x1341ca (size before relaxing)
 .debug_str     0x00136055      0xfe4 ./Drivers/STM32U5xx_HAL_Driver/Src/stm32u5xx_hal_tim.o
                             0x133f18 (size before relaxing)
 .debug_str     0x00137039      0x9c2 ./Drivers/STM32U5xx_HAL_Driver/Src/stm32u5xx_hal_tim_ex.o
                             0x133d90 (size before relaxing)
 .debug_str     0x001379fb     0x9dbc ./Libraries/FreeRTOS/list.o
                              0x10f71 (size before relaxing)
 .debug_str     0x001417b7     0x2b59 ./Libraries/FreeRTOS/queue.o
                              0x13b50 (size before relaxing)
 .debug_str     0x00144310     0x2180 ./Libraries/FreeRTOS/tasks.o
                              0x14935 (size before relaxing)
 .debug_str     0x00146490      0x5fb ./Libraries/FreeRTOS/timers.o
                              0x13ea8 (size before relaxing)
 .debug_str     0x00146a8b     0x1ef6 ./Libraries/FreeRTOS/portable/GCC/ARM_CM33_NTZ/non_secure/port.o
                              0x11114 (size before relaxing)
 .debug_str     0x00148981       0x7a ./Libraries/FreeRTOS/portable/GCC/ARM_CM33_NTZ/non_secure/portasm.o
                               0xdbd8 (size before relaxing)
 .debug_str     0x001489fb      0x131 ./application/app_config/app_system.o
                               0xf35d (size before relaxing)

.comment        0x00000000       0x43
 .comment       0x00000000       0x43 ./Core/Src/icache.o
                                 0x44 (size before relaxing)
 .comment       0x00000043       0x44 ./Core/Src/main.o
 .comment       0x00000043       0x44 ./Core/Src/stm32u5xx_hal_msp.o
 .comment       0x00000043       0x44 ./Core/Src/stm32u5xx_hal_timebase_tim.o
 .comment       0x00000043       0x44 ./Core/Src/stm32u5xx_it.o
 .comment       0x00000043       0x44 ./Core/Src/system_stm32u5xx.o
 .comment       0x00000043       0x44 ./Drivers/STM32U5xx_HAL_Driver/Src/stm32u5xx_hal.o
 .comment       0x00000043       0x44 ./Drivers/STM32U5xx_HAL_Driver/Src/stm32u5xx_hal_cortex.o
 .comment       0x00000043       0x44 ./Drivers/STM32U5xx_HAL_Driver/Src/stm32u5xx_hal_icache.o
 .comment       0x00000043       0x44 ./Drivers/STM32U5xx_HAL_Driver/Src/stm32u5xx_hal_pwr_ex.o
 .comment       0x00000043       0x44 ./Drivers/STM32U5xx_HAL_Driver/Src/stm32u5xx_hal_rcc.o
 .comment       0x00000043       0x44 ./Drivers/STM32U5xx_HAL_Driver/Src/stm32u5xx_hal_tim.o
 .comment       0x00000043       0x44 ./Drivers/STM32U5xx_HAL_Driver/Src/stm32u5xx_hal_tim_ex.o
 .comment       0x00000043       0x44 ./Libraries/FreeRTOS/list.o
 .comment       0x00000043       0x44 ./Libraries/FreeRTOS/queue.o
 .comment       0x00000043       0x44 ./Libraries/FreeRTOS/tasks.o
 .comment       0x00000043       0x44 ./Libraries/FreeRTOS/timers.o
 .comment       0x00000043       0x44 ./Libraries/FreeRTOS/portable/GCC/ARM_CM33_NTZ/non_secure/port.o
 .comment       0x00000043       0x44 ./Libraries/FreeRTOS/portable/GCC/ARM_CM33_NTZ/non_secure/portasm.o
 .comment       0x00000043       0x44 ./application/app_config/app_system.o

.debug_frame    0x00000000     0x5028
 .debug_frame   0x00000000       0x2c ./Core/Src/icache.o
 .debug_frame   0x0000002c       0x90 ./Core/Src/main.o
 .debug_frame   0x000000bc       0x38 ./Core/Src/stm32u5xx_hal_msp.o
 .debug_frame   0x000000f4       0x74 ./Core/Src/stm32u5xx_hal_timebase_tim.o
 .debug_frame   0x00000168       0xc4 ./Core/Src/stm32u5xx_it.o
 .debug_frame   0x0000022c       0x58 ./Core/Src/system_stm32u5xx.o
 .debug_frame   0x00000284      0x500 ./Drivers/STM32U5xx_HAL_Driver/Src/stm32u5xx_hal.o
 .debug_frame   0x00000784      0x560 ./Drivers/STM32U5xx_HAL_Driver/Src/stm32u5xx_hal_cortex.o
 .debug_frame   0x00000ce4      0x298 ./Drivers/STM32U5xx_HAL_Driver/Src/stm32u5xx_hal_icache.o
 .debug_frame   0x00000f7c      0x84c ./Drivers/STM32U5xx_HAL_Driver/Src/stm32u5xx_hal_pwr_ex.o
 .debug_frame   0x000017c8      0x288 ./Drivers/STM32U5xx_HAL_Driver/Src/stm32u5xx_hal_rcc.o
 .debug_frame   0x00001a50     0x125c ./Drivers/STM32U5xx_HAL_Driver/Src/stm32u5xx_hal_tim.o
 .debug_frame   0x00002cac      0xab8 ./Drivers/STM32U5xx_HAL_Driver/Src/stm32u5xx_hal_tim_ex.o
 .debug_frame   0x00003764       0xd8 ./Libraries/FreeRTOS/list.o
 .debug_frame   0x0000383c      0x640 ./Libraries/FreeRTOS/queue.o
 .debug_frame   0x00003e7c      0x9e4 ./Libraries/FreeRTOS/tasks.o
 .debug_frame   0x00004860      0x420 ./Libraries/FreeRTOS/timers.o
 .debug_frame   0x00004c80      0x1a8 ./Libraries/FreeRTOS/portable/GCC/ARM_CM33_NTZ/non_secure/port.o
 .debug_frame   0x00004e28       0xa0 ./Libraries/FreeRTOS/portable/GCC/ARM_CM33_NTZ/non_secure/portasm.o
 .debug_frame   0x00004ec8       0xec ./application/app_config/app_system.o
 .debug_frame   0x00004fb4       0x20 C:/ST/STM32CubeIDE_1.15.1/STM32CubeIDE/plugins/com.st.stm32cube.ide.mcu.externaltools.gnu-tools-for-stm32.12.3.rel1.win32_1.0.100.202403111256/tools/bin/../lib/gcc/arm-none-eabi/12.3.1/../../../../arm-none-eabi/lib/thumb/v8-m.main+fp/hard\libc_nano.a(libc_a-memset.o)
 .debug_frame   0x00004fd4       0x2c C:/ST/STM32CubeIDE_1.15.1/STM32CubeIDE/plugins/com.st.stm32cube.ide.mcu.externaltools.gnu-tools-for-stm32.12.3.rel1.win32_1.0.100.202403111256/tools/bin/../lib/gcc/arm-none-eabi/12.3.1/../../../../arm-none-eabi/lib/thumb/v8-m.main+fp/hard\libc_nano.a(libc_a-init.o)
 .debug_frame   0x00005000       0x28 C:/ST/STM32CubeIDE_1.15.1/STM32CubeIDE/plugins/com.st.stm32cube.ide.mcu.externaltools.gnu-tools-for-stm32.12.3.rel1.win32_1.0.100.202403111256/tools/bin/../lib/gcc/arm-none-eabi/12.3.1/../../../../arm-none-eabi/lib/thumb/v8-m.main+fp/hard\libc_nano.a(libc_a-memcpy-stub.o)

.debug_line_str
                0x00000000       0x69
 .debug_line_str
                0x00000000       0x69 ./Core/Startup/startup_stm32u575qiix.o
