../Libraries/FreeRTOS/tasks.c:1255:20:prvCreateStaticTask	48	static
../Libraries/FreeRTOS/tasks.c:1310:18:xTaskCreateStatic	48	static
../Libraries/FreeRTOS/tasks.c:1794:13:prvInitialiseNewTask	32	static
../Libraries/FreeRTOS/tasks.c:2020:17:prvAddNewTaskToReadyList	24	static
../Libraries/FreeRTOS/tasks.c:2192:10:vTaskDelete	32	static
../Libraries/FreeRTOS/tasks.c:2344:16:xTaskDelayUntil	32	static
../Libraries/FreeRTOS/tasks.c:2436:10:vTaskDelay	24	static
../Libraries/FreeRTOS/tasks.c:2486:16:eTaskGetState	48	static
../Libraries/FreeRTOS/tasks.c:2618:17:uxTaskPriorityGet	24	static
../Libraries/FreeRTOS/tasks.c:2644:17:uxTaskPriorityGetFromISR	32	static
../Libraries/FreeRTOS/tasks.c:2692:17:uxTaskBasePriorityGet	24	static
../Libraries/FreeRTOS/tasks.c:2718:17:uxTaskBasePriorityGetFromISR	32	static
../Libraries/FreeRTOS/tasks.c:2766:10:vTaskPrioritySet	40	static
../Libraries/FreeRTOS/tasks.c:3122:10:vTaskSuspend	32	static
../Libraries/FreeRTOS/tasks.c:3284:23:prvTaskIsTaskSuspended	32	static
../Libraries/FreeRTOS/tasks.c:3354:10:vTaskResume	24	static
../Libraries/FreeRTOS/tasks.c:3415:16:xTaskResumeFromISR	32	static
../Libraries/FreeRTOS/tasks.c:3512:19:prvCreateIdleTasks	72	static
../Libraries/FreeRTOS/tasks.c:3666:6:vTaskStartScheduler	16	static
../Libraries/FreeRTOS/tasks.c:3769:6:vTaskEndScheduler	16	static
../Libraries/FreeRTOS/tasks.c:3812:6:vTaskSuspendAll	4	static,ignoring_inline_asm
../Libraries/FreeRTOS/tasks.c:3957:12:xTaskResumeAll	40	static,ignoring_inline_asm
../Libraries/FreeRTOS/tasks.c:4107:12:xTaskGetTickCount	16	static
../Libraries/FreeRTOS/tasks.c:4126:12:xTaskGetTickCountFromISR	16	static
../Libraries/FreeRTOS/tasks.c:4161:13:uxTaskGetNumberOfTasks	4	static
../Libraries/FreeRTOS/tasks.c:4173:8:pcTaskGetName	24	static
../Libraries/FreeRTOS/tasks.c:4332:16:xTaskGetStaticBuffers	32	static
../Libraries/FreeRTOS/tasks.c:4386:17:uxTaskGetSystemState	32	static
../Libraries/FreeRTOS/tasks.c:4466:22:xTaskGetIdleTaskHandle	8	static
../Libraries/FreeRTOS/tasks.c:4480:18:xTaskGetIdleTaskHandleForCore	16	static
../Libraries/FreeRTOS/tasks.c:4547:12:xTaskCatchUpTicks	24	static
../Libraries/FreeRTOS/tasks.c:4671:12:xTaskIncrementTick	40	static
../Libraries/FreeRTOS/tasks.c:5057:10:vTaskSwitchContext	24	static,ignoring_inline_asm
../Libraries/FreeRTOS/tasks.c:5244:6:vTaskPlaceOnEventList	16	static
../Libraries/FreeRTOS/tasks.c:5273:6:vTaskPlaceOnUnorderedEventList	32	static
../Libraries/FreeRTOS/tasks.c:5305:10:vTaskPlaceOnEventListRestricted	32	static
../Libraries/FreeRTOS/tasks.c:5342:12:xTaskRemoveFromEventList	40	static
../Libraries/FreeRTOS/tasks.c:5435:6:vTaskRemoveFromUnorderedEventList	32	static
../Libraries/FreeRTOS/tasks.c:5507:6:vTaskSetTimeOutState	16	static
../Libraries/FreeRTOS/tasks.c:5523:6:vTaskInternalSetTimeOutState	16	static
../Libraries/FreeRTOS/tasks.c:5535:12:xTaskCheckForTimeOut	32	static
../Libraries/FreeRTOS/tasks.c:5604:6:vTaskMissedYield	4	static
../Libraries/FreeRTOS/tasks.c:5617:17:uxTaskGetTaskNumber	24	static
../Libraries/FreeRTOS/tasks.c:5644:10:vTaskSetTaskNumber	24	static
../Libraries/FreeRTOS/tasks.c:5749:8:prvIdleTask	16	static
../Libraries/FreeRTOS/tasks.c:6012:13:prvInitialiseTaskLists	16	static
../Libraries/FreeRTOS/tasks.c:6044:13:prvCheckTasksWaitingTermination	16	static
../Libraries/FreeRTOS/tasks.c:6122:10:vTaskGetInfo	32	static
../Libraries/FreeRTOS/tasks.c:6269:24:prvListTasksWithinSingleList	40	static
../Libraries/FreeRTOS/tasks.c:6308:35:prvTaskCheckFreeStackSpace	24	static
../Libraries/FreeRTOS/tasks.c:6404:17:prvDeleteTCB	16	static
../Libraries/FreeRTOS/tasks.c:6457:13:prvResetNextTaskUnblockTime	4	static
../Libraries/FreeRTOS/tasks.c:6481:22:xTaskGetCurrentTaskHandle	16	static
../Libraries/FreeRTOS/tasks.c:6516:18:xTaskGetCurrentTaskHandleForCore	24	static
../Libraries/FreeRTOS/tasks.c:6541:16:xTaskGetSchedulerState	16	static
../Libraries/FreeRTOS/tasks.c:6581:16:xTaskPriorityInherit	32	static
../Libraries/FreeRTOS/tasks.c:6684:16:xTaskPriorityDisinherit	32	static
../Libraries/FreeRTOS/tasks.c:6778:10:vTaskPriorityDisinheritAfterTimeout	40	static
../Libraries/FreeRTOS/tasks.c:7570:12:uxTaskResetEventItemValue	16	static
../Libraries/FreeRTOS/tasks.c:7590:18:pvTaskIncrementMutexHeldCount	16	static
../Libraries/FreeRTOS/tasks.c:7615:14:ulTaskGenericNotifyTake	40	static
../Libraries/FreeRTOS/tasks.c:7718:16:xTaskGenericNotifyWait	40	static
../Libraries/FreeRTOS/tasks.c:7833:16:xTaskGenericNotify	48	static
../Libraries/FreeRTOS/tasks.c:7953:16:xTaskGenericNotifyFromISR	56	static
../Libraries/FreeRTOS/tasks.c:8119:10:vTaskGenericNotifyGiveFromISR	48	static
../Libraries/FreeRTOS/tasks.c:8235:16:xTaskGenericNotifyStateClear	24	static
../Libraries/FreeRTOS/tasks.c:8273:14:ulTaskGenericNotifyValueClear	32	static
../Libraries/FreeRTOS/tasks.c:8416:13:prvAddCurrentTaskToDelayedList	40	static
../Libraries/FreeRTOS/tasks.c:8646:6:vTaskResetState	16	static
